===============================
Phase 3: RTIC-based I3G4250D Gyroscope
===============================
Step 1: Detect Gyro driver...
✓ Gyro driver initialized.
✓ Gyro ID: 0xD3 (I3G4250D)
Step 2: Init Gyro driver...
✓ Gyro driver initialized.
Step 3: Configuring Gyro...
✓ Gyro configured).
✓ Configuration complete:
  - Data Rate: 400 Hz (timer interrupt)
  - Range: 500 °/s

Enabling DWT cycle counter for performance measurement...
✓ RTIC system ready. Starting main loop...
===============================
X:    1.78°/s | Y:   -0.67°/s | Z:    0.31°/s
X:   -0.31°/s | Y:    0.40°/s | Z:   -1.09°/s
X:   -0.30°/s | Y:    0.46°/s | Z:   -0.33°/s
X:   -0.31°/s | Y:    0.30°/s | Z:   -0.17°/s
X:   -0.28°/s | Y:    0.09°/s | Z:   -0.40°/s
X:   -0.19°/s | Y:    0.44°/s | Z:   -1.19°/s
X:   -0.12°/s | Y:    0.37°/s | Z:   -1.14°/s
X:    0.38°/s | Y:    0.51°/s | Z:   -0.75°/s
X:   -0.38°/s | Y:    0.10°/s | Z:    0.09°/s
X:   -0.40°/s | Y:    0.47°/s | Z:   -0.19°/s
X:   -0.56°/s | Y:    0.25°/s | Z:   -0.52°/s
X:   -0.52°/s | Y:    0.17°/s | Z:   -0.21°/s
X:   -0.26°/s | Y:    0.10°/s | Z:    0.00°/s
X:   -0.26°/s | Y:    0.67°/s | Z:   -0.49°/s
X:   -0.30°/s | Y:    0.33°/s | Z:   -0.37°/s
X:   -0.02°/s | Y:    0.26°/s | Z:   -1.05°/s
X:   -0.28°/s | Y:    0.17°/s | Z:   -0.51°/s
X:   -0.52°/s | Y:    0.60°/s | Z:   -0.54°/s
X:   -0.44°/s | Y:    0.82°/s | Z:    0.02°/s
X:   -0.12°/s | Y:    0.49°/s | Z:    0.00°/s
X:   -0.52°/s | Y:    0.05°/s | Z:   -0.04°/s
X:   -0.21°/s | Y:    0.56°/s | Z:   -0.19°/s
X:   -0.56°/s | Y:    0.21°/s | Z:   -0.23°/s
X:    0.12°/s | Y:    0.14°/s | Z:   -0.42°/s
X:   -0.38°/s | Y:    0.31°/s | Z:   -0.31°/s
X:   -0.65°/s | Y:    0.21°/s | Z:   -0.46°/s
X:   -0.86°/s | Y:    0.21°/s | Z:   -0.77°/s
X:   -0.17°/s | Y:    0.14°/s | Z:   -0.30°/s
X:   -0.42°/s | Y:    0.51°/s | Z:   -0.52°/s
X:   -0.26°/s | Y:    0.44°/s | Z:   -0.17°/s
X:   -0.10°/s | Y:    0.28°/s | Z:   -0.72°/s
X:   -0.42°/s | Y:    0.25°/s | Z:   -0.28°/s
X:   -0.30°/s | Y:    0.49°/s | Z:   -0.61°/s
X:   -0.26°/s | Y:    0.21°/s | Z:   -0.07°/s
X:   -0.67°/s | Y:    0.33°/s | Z:   -0.74°/s
X:   -0.65°/s | Y:    0.47°/s | Z:   -0.56°/s
X:   -0.65°/s | Y:    0.09°/s | Z:   -0.75°/s
X:   -0.05°/s | Y:    0.17°/s | Z:   -0.79°/s
X:    0.21°/s | Y:    0.28°/s | Z:   -0.30°/s
X:   -0.25°/s | Y:    0.25°/s | Z:   -0.67°/s
X:   -0.35°/s | Y:    0.02°/s | Z:   -0.68°/s
X:   -0.23°/s | Y:    0.31°/s | Z:   -0.67°/s
X:   -0.23°/s | Y:    0.38°/s | Z:   -0.58°/s
X:   -0.31°/s | Y:    0.16°/s | Z:   -0.86°/s
X:   -0.42°/s | Y:    0.09°/s | Z:   -0.12°/s
X:   -0.33°/s | Y:    0.60°/s | Z:   -0.21°/s
X:   -0.65°/s | Y:    0.30°/s | Z:   -0.96°/s
X:   -0.37°/s | Y:    0.38°/s | Z:   -0.67°/s
X:    0.07°/s | Y:    0.09°/s | Z:   -0.30°/s
X:   -0.31°/s | Y:    0.14°/s | Z:   -0.42°/s
X:   -0.49°/s | Y:    0.46°/s | Z:    0.00°/s
X:   -0.47°/s | Y:    0.70°/s | Z:   -0.75°/s
X:    0.05°/s | Y:    0.05°/s | Z:   -0.98°/s
X:   -0.30°/s | Y:    0.19°/s | Z:   -0.58°/s
X:   -0.46°/s | Y:    0.26°/s | Z:   -0.09°/s
X:   -0.60°/s | Y:    0.31°/s | Z:   -0.30°/s
X:   -0.05°/s | Y:    0.40°/s | Z:   -0.37°/s
X:    0.02°/s | Y:    0.04°/s | Z:   -0.75°/s
X:   -0.61°/s | Y:    0.44°/s | Z:   -0.58°/s
X:   -0.30°/s | Y:    0.05°/s | Z:   -0.86°/s
X:   -0.30°/s | Y:    0.23°/s | Z:   -0.54°/s
X:    0.05°/s | Y:    0.40°/s | Z:   -0.54°/s
X:   -0.61°/s | Y:    0.02°/s | Z:   -0.09°/s
X:   -0.72°/s | Y:    0.33°/s | Z:   -0.60°/s
X:   -0.17°/s | Y:   -0.04°/s | Z:   -0.21°/s
X:   -0.19°/s | Y:    0.38°/s | Z:    0.19°/s
X:   -0.21°/s | Y:    0.56°/s | Z:   -0.38°/s
X:   -0.16°/s | Y:    0.26°/s | Z:   -0.05°/s
X:   -0.12°/s | Y:    0.00°/s | Z:   -0.25°/s
X:   -0.37°/s | Y:    0.12°/s | Z:   -0.31°/s
X:   -0.63°/s | Y:    0.21°/s | Z:   -0.46°/s
X:    0.07°/s | Y:    0.42°/s | Z:   -0.61°/s
X:   -0.30°/s | Y:    0.51°/s | Z:   -0.77°/s
X:   -0.10°/s | Y:    0.23°/s | Z:   -0.05°/s
X:   -0.67°/s | Y:    0.37°/s | Z:   -0.42°/s
X:   -0.33°/s | Y:    0.49°/s | Z:   -0.23°/s
X:   -0.12°/s | Y:    0.35°/s | Z:   -0.74°/s
X:   -0.35°/s | Y:    0.07°/s | Z:   -0.60°/s
X:   -0.23°/s | Y:    0.38°/s | Z:   -0.75°/s
X:   -0.58°/s | Y:    0.17°/s | Z:   -0.47°/s
X:   -0.44°/s | Y:    0.28°/s | Z:   -0.21°/s
X:   -0.44°/s | Y:    0.42°/s | Z:   -0.65°/s
X:   -0.10°/s | Y:    0.65°/s | Z:   -0.31°/s
X:   -0.70°/s | Y:    0.28°/s | Z:   -0.81°/s
X:   -0.23°/s | Y:    0.30°/s | Z:   -0.65°/s
X:   -0.46°/s | Y:    0.31°/s | Z:   -0.40°/s
X:   -0.28°/s | Y:    0.12°/s | Z:   -0.68°/s
X:    0.04°/s | Y:    0.51°/s | Z:   -0.42°/s
X:   -0.51°/s | Y:    0.16°/s | Z:   -0.23°/s
X:   -0.23°/s | Y:    0.12°/s | Z:   -0.74°/s
X:   -0.17°/s | Y:    0.35°/s | Z:   -0.74°/s
X:   -0.28°/s | Y:    0.35°/s | Z:   -0.33°/s
X:   -0.37°/s | Y:    0.28°/s | Z:   -0.75°/s
X:   -0.21°/s | Y:   -0.02°/s | Z:    0.00°/s
X:   -0.47°/s | Y:    0.37°/s | Z:   -0.75°/s
X:   -0.61°/s | Y:    0.35°/s | Z:   -0.47°/s
X:   -0.33°/s | Y:    0.47°/s | Z:   -0.67°/s
X:   -0.04°/s | Y:    0.40°/s | Z:   -0.79°/s
X:   -0.26°/s | Y:    0.70°/s | Z:    0.05°/s
X:    0.14°/s | Y:    0.23°/s | Z:   -0.49°/s
X:   -0.25°/s | Y:    0.28°/s | Z:   -0.51°/s
X:   -0.54°/s | Y:    0.33°/s | Z:   -0.30°/s
X:   -0.23°/s | Y:    0.05°/s | Z:   -0.46°/s
X:   -0.46°/s | Y:    0.30°/s | Z:   -0.42°/s
X:   -0.07°/s | Y:    0.16°/s | Z:   -0.17°/s
X:    0.00°/s | Y:    0.42°/s | Z:   -0.26°/s
X:   -0.10°/s | Y:    0.28°/s | Z:   -0.60°/s
X:   -0.40°/s | Y:    0.51°/s | Z:   -0.75°/s
X:    0.28°/s | Y:    0.07°/s | Z:   -0.26°/s
X:   -0.28°/s | Y:    0.35°/s | Z:   -0.63°/s
X:   -0.42°/s | Y:    0.37°/s | Z:   -0.49°/s
X:   -0.44°/s | Y:    0.25°/s | Z:   -0.23°/s
X:   -0.58°/s | Y:    0.17°/s | Z:   -0.51°/s
X:   -0.28°/s | Y:    0.16°/s | Z:   -0.46°/s
X:   -0.37°/s | Y:    0.47°/s | Z:   -0.28°/s
X:   -0.47°/s | Y:    0.14°/s | Z:   -0.30°/s
X:   -0.52°/s | Y:    0.04°/s | Z:    0.37°/s
X:   -0.40°/s | Y:    0.23°/s | Z:    0.05°/s
X:   -0.28°/s | Y:    0.05°/s | Z:   -0.35°/s
X:   -0.40°/s | Y:    0.52°/s | Z:   -0.49°/s
X:   -0.23°/s | Y:    0.23°/s | Z:   -0.96°/s
X:   -0.49°/s | Y:    0.44°/s | Z:   -0.75°/s
X:   -0.21°/s | Y:    0.04°/s | Z:   -0.30°/s
X:   -0.44°/s | Y:    0.28°/s | Z:   -0.61°/s
X:   -0.12°/s | Y:    0.17°/s | Z:   -0.68°/s
X:   -0.33°/s | Y:   -0.02°/s | Z:   -0.35°/s
X:   -0.25°/s | Y:    0.23°/s | Z:   -0.67°/s
X:   -0.61°/s | Y:    0.44°/s | Z:   -0.35°/s
X:   -0.21°/s | Y:    0.88°/s | Z:   -0.65°/s
X:   -0.49°/s | Y:    0.38°/s | Z:   -0.58°/s
X:   -0.09°/s | Y:    0.14°/s | Z:   -0.51°/s
X:   -0.31°/s | Y:   -0.02°/s | Z:   -0.52°/s
X:   -0.23°/s | Y:    0.60°/s | Z:   -0.44°/s
X:   -0.14°/s | Y:    0.19°/s | Z:   -0.33°/s
X:    0.17°/s | Y:    0.23°/s | Z:    0.04°/s
X:   -0.21°/s | Y:    0.14°/s | Z:   -0.25°/s
X:   -0.42°/s | Y:   -0.04°/s | Z:   -0.72°/s
X:   -0.23°/s | Y:    0.23°/s | Z:   -0.37°/s
X:   -0.33°/s | Y:    0.46°/s | Z:   -0.38°/s
X:   -0.02°/s | Y:    0.31°/s | Z:   -0.05°/s
X:   -0.16°/s | Y:    0.58°/s | Z:   -0.38°/s
X:    0.16°/s | Y:    0.14°/s | Z:   -0.46°/s
X:   -0.12°/s | Y:    0.33°/s | Z:   -0.05°/s
X:   -0.61°/s | Y:    0.25°/s | Z:   -0.70°/s
X:   -0.49°/s | Y:    0.42°/s | Z:   -0.25°/s
X:   -0.23°/s | Y:    0.30°/s | Z:   -0.30°/s
X:   -0.38°/s | Y:    0.21°/s | Z:   -0.02°/s
X:   -0.21°/s | Y:    0.33°/s | Z:   -0.38°/s
X:   -0.35°/s | Y:    0.31°/s | Z:   -0.88°/s
X:    0.00°/s | Y:    0.49°/s | Z:   -0.10°/s
X:   -0.37°/s | Y:    0.40°/s | Z:   -0.67°/s
X:   -0.30°/s | Y:    0.37°/s | Z:   -0.61°/s
X:   -0.60°/s | Y:    0.04°/s | Z:   -0.77°/s
X:   -0.44°/s | Y:   -0.07°/s | Z:   -0.67°/s
X:    0.14°/s | Y:   -0.04°/s | Z:   -0.16°/s
X:   -0.56°/s | Y:    0.31°/s | Z:   -0.12°/s
X:    0.12°/s | Y:    0.56°/s | Z:   -0.40°/s
X:   -0.42°/s | Y:    0.35°/s | Z:    0.12°/s
X:   -0.17°/s | Y:    0.04°/s | Z:   -0.42°/s
X:   -0.30°/s | Y:   -0.02°/s | Z:   -0.84°/s
X:   -0.31°/s | Y:    0.09°/s | Z:   -1.35°/s
X:   -0.33°/s | Y:    0.35°/s | Z:   -0.52°/s
X:   -0.05°/s | Y:    0.26°/s | Z:    0.02°/s
X:    0.28°/s | Y:    0.14°/s | Z:   -1.47°/s
X:    0.56°/s | Y:    0.35°/s | Z:   -1.33°/s
X:   -0.33°/s | Y:    0.38°/s | Z:   -0.86°/s
X:   -0.21°/s | Y:    0.51°/s | Z:   -0.98°/s
X:   -0.17°/s | Y:    0.21°/s | Z:   -0.16°/s
X:    0.05°/s | Y:    0.25°/s | Z:   -0.63°/s
X:    0.23°/s | Y:    0.38°/s | Z:   -1.12°/s
X:   -0.23°/s | Y:    0.84°/s | Z:   -0.14°/s
X:   -0.46°/s | Y:    0.25°/s | Z:   -0.17°/s
X:    0.21°/s | Y:    0.19°/s | Z:   -0.40°/s
X:    0.40°/s | Y:    0.47°/s | Z:   -0.37°/s
X:   -0.26°/s | Y:    0.09°/s | Z:   -0.58°/s
X:   -0.23°/s | Y:    0.74°/s | Z:   -0.77°/s
X:   -0.10°/s | Y:    0.49°/s | Z:   -0.42°/s
X:   -0.09°/s | Y:   -0.28°/s | Z:   -0.46°/s
X:   -0.31°/s | Y:    0.05°/s | Z:   -0.51°/s
X:   -0.52°/s | Y:    0.17°/s | Z:   -0.60°/s
X:   -0.19°/s | Y:    0.23°/s | Z:   -0.10°/s
X:   -0.10°/s | Y:    0.42°/s | Z:   -0.70°/s
X:   -0.30°/s | Y:    0.02°/s | Z:    0.05°/s
X:   -0.33°/s | Y:    0.17°/s | Z:   -0.33°/s
X:   -0.31°/s | Y:    0.31°/s | Z:   -0.04°/s
X:   -0.14°/s | Y:    0.42°/s | Z:   -0.98°/s
X:    0.14°/s | Y:    0.38°/s | Z:   -0.63°/s
X:   -0.23°/s | Y:    0.44°/s | Z:   -0.61°/s
X:   -0.46°/s | Y:    0.16°/s | Z:   -0.35°/s
X:    0.00°/s | Y:    0.35°/s | Z:   -0.47°/s
X:   -0.21°/s | Y:    0.58°/s | Z:   -0.38°/s
X:   -0.16°/s | Y:    0.38°/s | Z:   -1.10°/s
X:   -0.16°/s | Y:    0.47°/s | Z:   -0.51°/s
X:   -0.14°/s | Y:    0.16°/s | Z:   -0.16°/s
X:   -0.31°/s | Y:    0.35°/s | Z:   -0.49°/s
X:   -0.40°/s | Y:    0.30°/s | Z:   -0.72°/s
X:   -0.23°/s | Y:    0.52°/s | Z:   -0.30°/s
X:   -0.23°/s | Y:    0.38°/s | Z:   -0.56°/s
X:   -0.33°/s | Y:    0.28°/s | Z:   -0.75°/s
X:   -0.46°/s | Y:    0.19°/s | Z:    0.00°/s
X:   -0.02°/s | Y:    0.33°/s | Z:   -0.56°/s
X:    0.19°/s | Y:    0.28°/s | Z:   -0.14°/s
X:    0.09°/s | Y:    0.28°/s | Z:   -0.28°/s
X:   -0.58°/s | Y:    2.29°/s | Z:    0.93°/s
X:    0.89°/s | Y:   -0.28°/s | Z:   -1.64°/s
X:    3.88°/s | Y:   -1.50°/s | Z:    5.55°/s
X:   -1.89°/s | Y:    0.51°/s | Z:    1.10°/s
X:   -0.19°/s | Y:    0.77°/s | Z:   -0.84°/s
X:   -0.14°/s | Y:    0.79°/s | Z:   -0.40°/s
X:   -0.61°/s | Y:   -0.67°/s | Z:    0.21°/s
X:   -0.26°/s | Y:    0.05°/s | Z:   -0.74°/s
X:   -0.07°/s | Y:    1.26°/s | Z:   -0.72°/s
X:    0.31°/s | Y:    0.42°/s | Z:   -0.52°/s
X:   -0.61°/s | Y:    0.25°/s | Z:   -0.44°/s
X:    0.04°/s | Y:    0.49°/s | Z:   -0.65°/s
X:   -0.10°/s | Y:    0.37°/s | Z:   -0.47°/s
X:   -0.37°/s | Y:    0.28°/s | Z:   -0.52°/s
X:   -0.46°/s | Y:    0.14°/s | Z:    0.04°/s
X:   -0.04°/s | Y:    0.40°/s | Z:   -0.26°/s
X:   -0.33°/s | Y:    0.09°/s | Z:   -0.40°/s
X:   -0.38°/s | Y:    0.31°/s | Z:   -0.33°/s
X:   -0.07°/s | Y:    0.44°/s | Z:   -0.26°/s
X:   -0.19°/s | Y:    0.51°/s | Z:   -0.35°/s
X:   -0.23°/s | Y:   -0.14°/s | Z:   -0.98°/s
X:   -0.14°/s | Y:    0.33°/s | Z:   -0.42°/s
X:   -0.12°/s | Y:    0.26°/s | Z:   -0.05°/s
X:   -0.65°/s | Y:    0.25°/s | Z:   -0.37°/s
X:   -0.25°/s | Y:    0.44°/s | Z:   -0.72°/s
X:   -0.38°/s | Y:    0.30°/s | Z:   -0.49°/s
X:   -0.84°/s | Y:    0.56°/s | Z:   -0.88°/s
X:   -0.28°/s | Y:    0.21°/s | Z:    0.19°/s
X:   -0.31°/s | Y:    0.19°/s | Z:   -0.05°/s
X:   -0.49°/s | Y:    0.54°/s | Z:   -0.37°/s
X:   -0.19°/s | Y:    0.42°/s | Z:   -0.12°/s
X:   -0.14°/s | Y:    0.51°/s | Z:   -0.40°/s
X:   -0.10°/s | Y:    0.60°/s | Z:   -0.79°/s
X:   -0.09°/s | Y:    0.05°/s | Z:   -0.63°/s
X:   -0.21°/s | Y:    0.28°/s | Z:   -0.81°/s
X:   -0.10°/s | Y:    0.46°/s | Z:   -0.54°/s
X:   -0.25°/s | Y:    0.37°/s | Z:   -0.70°/s
X:   -0.16°/s | Y:    0.58°/s | Z:   -0.04°/s
X:   -0.65°/s | Y:    0.65°/s | Z:   -0.75°/s
X:    0.02°/s | Y:    0.04°/s | Z:   -0.84°/s
X:   -0.10°/s | Y:    0.21°/s | Z:   -0.63°/s
X:   -0.25°/s | Y:   -0.12°/s | Z:   -0.70°/s
X:   -0.40°/s | Y:    0.44°/s | Z:   -0.35°/s
X:   -0.42°/s | Y:    0.31°/s | Z:   -0.44°/s
X:   -0.23°/s | Y:    0.10°/s | Z:   -0.23°/s
X:   -0.47°/s | Y:    0.46°/s | Z:   -0.61°/s
X:   -0.19°/s | Y:    0.42°/s | Z:   -0.31°/s

📊 System Stats (every 1000 process_data calls / ~2.5s):
  Process Data Avg: 26.653μs (1000 calls)
  Read Sensor Avg: 16.208μs (1000 calls)
  Total Time: 6509.986μs
  Anomalies: 0
  CPU Usage: 0.26%
──────────────────────────────────────
X:   -0.17°/s | Y:    0.05°/s | Z:   -0.19°/s
X:   -0.07°/s | Y:   -0.05°/s | Z:   -0.74°/s
X:   -0.44°/s | Y:    0.28°/s | Z:   -0.04°/s
X:   -0.56°/s | Y:    0.52°/s | Z:   -0.12°/s
X:   -0.26°/s | Y:    0.35°/s | Z:   -0.07°/s
X:   -0.16°/s | Y:    0.40°/s | Z:   -0.25°/s
X:   -0.31°/s | Y:    0.12°/s | Z:   -0.51°/s
X:   -0.44°/s | Y:    0.67°/s | Z:   -0.91°/s
X:   -0.23°/s | Y:    0.60°/s | Z:   -0.12°/s
X:   -0.05°/s | Y:    0.47°/s | Z:    0.00°/s
X:   -0.51°/s | Y:    0.40°/s | Z:   -0.67°/s
X:   -0.58°/s | Y:   -0.09°/s | Z:   -0.37°/s
X:   -0.51°/s | Y:    0.26°/s | Z:   -0.38°/s
X:   -0.49°/s | Y:    0.12°/s | Z:   -0.37°/s
X:   -0.16°/s | Y:    0.14°/s | Z:    0.05°/s
X:   -0.54°/s | Y:    0.14°/s | Z:   -0.42°/s
X:   -0.26°/s | Y:    0.23°/s | Z:   -0.10°/s
X:   -0.33°/s | Y:    0.25°/s | Z:   -0.23°/s
X:   -0.31°/s | Y:    0.05°/s | Z:   -0.67°/s
X:   -0.26°/s | Y:    0.04°/s | Z:   -0.38°/s
X:   -0.54°/s | Y:    0.52°/s | Z:   -0.91°/s
X:    0.28°/s | Y:    0.40°/s | Z:   -0.54°/s
X:   -0.10°/s | Y:    0.40°/s | Z:   -0.31°/s
X:   -0.60°/s | Y:    0.07°/s | Z:   -0.58°/s
X:   -0.09°/s | Y:    0.33°/s | Z:   -0.77°/s
X:   -0.63°/s | Y:   -0.05°/s | Z:    0.04°/s
X:   -0.16°/s | Y:    0.04°/s | Z:   -0.40°/s
X:   -0.47°/s | Y:    0.52°/s | Z:   -0.19°/s
X:   -0.72°/s | Y:    0.46°/s | Z:   -0.88°/s
X:   -0.05°/s | Y:    0.74°/s | Z:   -0.70°/s
X:   -0.38°/s | Y:    0.26°/s | Z:   -0.37°/s
X:   -0.19°/s | Y:    0.14°/s | Z:   -0.05°/s
X:    0.05°/s | Y:    0.47°/s | Z:   -0.26°/s
X:   -0.09°/s | Y:    0.19°/s | Z:   -0.49°/s
X:    0.04°/s | Y:    0.26°/s | Z:    0.14°/s
X:   -0.28°/s | Y:    0.30°/s | Z:   -0.19°/s
X:   -0.46°/s | Y:    0.40°/s | Z:   -0.19°/s
X:   -0.16°/s | Y:    0.54°/s | Z:   -0.51°/s
X:   -0.10°/s | Y:    0.25°/s | Z:   -0.58°/s
X:   -0.25°/s | Y:    0.37°/s | Z:   -0.49°/s
X:   -0.37°/s | Y:    0.47°/s | Z:   -0.42°/s
X:   -0.37°/s | Y:    0.12°/s | Z:   -0.77°/s
X:   -0.25°/s | Y:    0.12°/s | Z:   -0.10°/s
X:   -0.16°/s | Y:    0.28°/s | Z:   -0.44°/s
X:    0.05°/s | Y:   -0.16°/s | Z:    0.00°/s
X:   -0.12°/s | Y:    0.09°/s | Z:   -0.63°/s
X:    0.02°/s | Y:    0.17°/s | Z:   -0.38°/s
X:   -0.09°/s | Y:    0.37°/s | Z:   -0.70°/s
X:   -0.33°/s | Y:    0.44°/s | Z:   -0.46°/s
X:   -0.35°/s | Y:    0.02°/s | Z:   -0.31°/s
X:   -0.10°/s | Y:    0.40°/s | Z:   -0.47°/s
X:    0.04°/s | Y:    0.68°/s | Z:   -0.56°/s
X:   -0.31°/s | Y:    0.21°/s | Z:   -0.14°/s
X:   -0.23°/s | Y:    0.31°/s | Z:   -1.10°/s
X:    0.02°/s | Y:    0.52°/s | Z:   -0.38°/s
X:   -0.42°/s | Y:    0.16°/s | Z:   -0.23°/s
X:    0.07°/s | Y:    0.26°/s | Z:   -0.72°/s
X:   -0.14°/s | Y:    0.21°/s | Z:   -0.26°/s
X:   -0.68°/s | Y:    0.19°/s | Z:   -0.23°/s
X:   -0.35°/s | Y:    0.61°/s | Z:   -0.44°/s
X:   -0.52°/s | Y:    0.00°/s | Z:   -0.09°/s
X:   -0.26°/s | Y:    0.04°/s | Z:   -0.44°/s
X:   -0.12°/s | Y:    0.07°/s | Z:   -0.40°/s
X:   -0.14°/s | Y:    0.46°/s | Z:   -0.40°/s
X:   -0.12°/s | Y:    0.09°/s | Z:   -0.26°/s
X:   -0.56°/s | Y:    0.65°/s | Z:   -0.89°/s
X:   -0.30°/s | Y:    0.05°/s | Z:   -0.16°/s
X:   -0.72°/s | Y:    0.00°/s | Z:   -0.51°/s
X:   -0.28°/s | Y:    0.09°/s | Z:   -0.63°/s
X:   -0.23°/s | Y:    0.28°/s | Z:   -0.72°/s
X:   -0.04°/s | Y:    0.46°/s | Z:   -0.19°/s
X:    0.10°/s | Y:    0.09°/s | Z:   -0.38°/s
X:   -0.09°/s | Y:    0.77°/s | Z:    0.05°/s
X:   -0.25°/s | Y:   -0.07°/s | Z:   -0.30°/s
X:   -0.30°/s | Y:    0.26°/s | Z:   -0.65°/s
X:   -0.37°/s | Y:    0.25°/s | Z:   -0.70°/s
X:    0.07°/s | Y:    0.38°/s | Z:   -0.84°/s
X:   -0.44°/s | Y:    0.23°/s | Z:   -0.91°/s
X:    0.05°/s | Y:    0.02°/s | Z:   -0.52°/s
X:   -0.02°/s | Y:    0.42°/s | Z:   -0.33°/s
X:    0.07°/s | Y:    0.51°/s | Z:   -0.12°/s
X:   -0.10°/s | Y:    0.42°/s | Z:   -0.51°/s
X:   -0.28°/s | Y:    0.14°/s | Z:   -0.09°/s
X:   -0.07°/s | Y:   -0.23°/s | Z:   -0.02°/s
X:   -0.02°/s | Y:    0.51°/s | Z:   -0.65°/s
X:   -0.35°/s | Y:    0.28°/s | Z:   -0.54°/s
X:   -0.56°/s | Y:   -0.12°/s | Z:   -0.56°/s
X:   -0.35°/s | Y:   -0.17°/s | Z:   -0.65°/s
X:   -0.35°/s | Y:    0.14°/s | Z:   -0.05°/s
X:   -0.25°/s | Y:    0.60°/s | Z:   -0.42°/s
X:   -0.40°/s | Y:    0.42°/s | Z:   -0.10°/s
X:   -0.19°/s | Y:    0.33°/s | Z:   -0.58°/s
X:   -0.37°/s | Y:    0.49°/s | Z:   -0.65°/s
X:   -0.42°/s | Y:    0.12°/s | Z:   -0.63°/s
X:   -0.19°/s | Y:    0.37°/s | Z:   -0.25°/s
X:   -0.26°/s | Y:    0.17°/s | Z:   -0.40°/s
X:   -0.26°/s | Y:    0.23°/s | Z:   -0.28°/s
X:   -0.25°/s | Y:    0.31°/s | Z:   -0.10°/s
X:   -0.30°/s | Y:    0.51°/s | Z:   -0.68°/s
X:    0.07°/s | Y:    0.04°/s | Z:   -0.77°/s
X:   -0.09°/s | Y:    0.49°/s | Z:   -0.63°/s
X:   -0.26°/s | Y:    0.42°/s | Z:   -0.72°/s
X:   -0.30°/s | Y:    0.23°/s | Z:   -0.28°/s
X:   -0.52°/s | Y:    0.31°/s | Z:   -0.37°/s
X:   -0.19°/s | Y:   -0.30°/s | Z:   -0.35°/s
X:   -0.02°/s | Y:    0.05°/s | Z:   -0.54°/s
X:   -0.30°/s | Y:    0.52°/s | Z:   -0.38°/s
X:   -0.26°/s | Y:    0.38°/s | Z:   -0.81°/s
X:   -0.07°/s | Y:    0.28°/s | Z:   -1.17°/s
X:    0.02°/s | Y:    0.17°/s | Z:   -0.38°/s
X:   -0.46°/s | Y:    0.47°/s | Z:   -0.25°/s
X:   -0.40°/s | Y:    0.40°/s | Z:   -0.61°/s
X:   -0.10°/s | Y:    0.12°/s | Z:   -0.68°/s
X:   -0.30°/s | Y:    0.25°/s | Z:   -0.19°/s
X:   -0.28°/s | Y:    0.23°/s | Z:   -0.16°/s
X:   -0.17°/s | Y:    0.37°/s | Z:   -0.67°/s
X:   -0.12°/s | Y:    0.12°/s | Z:   -0.89°/s
X:   -0.40°/s | Y:    0.21°/s | Z:   -0.35°/s
X:   -0.07°/s | Y:    0.37°/s | Z:   -0.26°/s
X:   -0.28°/s | Y:    0.40°/s | Z:   -0.82°/s
X:   -0.51°/s | Y:    0.54°/s | Z:   -0.30°/s
X:   -0.30°/s | Y:    0.21°/s | Z:   -0.79°/s
X:   -0.14°/s | Y:    0.44°/s | Z:   -0.07°/s
X:   -0.42°/s | Y:    0.17°/s | Z:   -0.07°/s
X:    0.02°/s | Y:    0.14°/s | Z:   -0.33°/s
X:    0.10°/s | Y:    0.31°/s | Z:   -0.56°/s
X:   -0.70°/s | Y:   -0.07°/s | Z:   -0.33°/s
X:   -0.28°/s | Y:    0.30°/s | Z:   -0.28°/s
X:   -0.14°/s | Y:    0.37°/s | Z:   -0.21°/s
X:   -0.52°/s | Y:    0.05°/s | Z:   -0.26°/s
X:   -0.31°/s | Y:   -0.17°/s | Z:   -0.44°/s
X:   -0.44°/s | Y:    0.49°/s | Z:   -0.21°/s
X:   -0.51°/s | Y:    0.04°/s | Z:   -0.46°/s
X:   -0.09°/s | Y:    0.25°/s | Z:   -0.61°/s
X:   -0.26°/s | Y:    0.25°/s | Z:   -0.23°/s
X:   -0.72°/s | Y:    0.84°/s | Z:   -0.35°/s
X:   -0.30°/s | Y:    0.37°/s | Z:   -0.77°/s
X:   -0.04°/s | Y:    0.49°/s | Z:   -0.30°/s
X:   -0.42°/s | Y:    0.00°/s | Z:    0.16°/s
X:   -0.77°/s | Y:    0.19°/s | Z:   -0.23°/s
X:   -0.46°/s | Y:    0.00°/s | Z:   -0.04°/s
X:   -0.16°/s | Y:   -0.02°/s | Z:   -0.44°/s
X:   -0.49°/s | Y:    0.23°/s | Z:   -0.58°/s
X:   -0.17°/s | Y:    0.58°/s | Z:   -0.61°/s
X:    0.05°/s | Y:   -0.02°/s | Z:   -0.33°/s
X:   -0.61°/s | Y:    0.17°/s | Z:   -0.54°/s
X:   -0.07°/s | Y:    0.35°/s | Z:   -0.12°/s
X:   -0.28°/s | Y:   -0.21°/s | Z:   -0.19°/s
X:   -0.60°/s | Y:    0.02°/s | Z:   -0.28°/s
X:   -0.42°/s | Y:    0.30°/s | Z:   -0.49°/s
X:   -0.44°/s | Y:    0.17°/s | Z:   -0.58°/s
X:   -0.12°/s | Y:    0.28°/s | Z:   -0.56°/s
X:   -0.47°/s | Y:   -0.07°/s | Z:   -0.17°/s
X:   -0.28°/s | Y:    0.16°/s | Z:   -0.21°/s
X:    0.12°/s | Y:    0.30°/s | Z:   -0.17°/s
X:   -0.40°/s | Y:    0.37°/s | Z:   -0.25°/s
X:   -0.52°/s | Y:    0.30°/s | Z:   -0.46°/s
X:   -0.23°/s | Y:    0.10°/s | Z:   -0.74°/s
X:   -0.37°/s | Y:    0.42°/s | Z:    0.17°/s
X:   -0.30°/s | Y:    0.28°/s | Z:   -0.23°/s
X:   -0.49°/s | Y:    0.35°/s | Z:   -0.60°/s
X:   -0.54°/s | Y:    0.00°/s | Z:   -0.37°/s
X:   -0.10°/s | Y:    0.23°/s | Z:   -0.61°/s
X:   -0.33°/s | Y:    0.07°/s | Z:    0.02°/s
X:   -0.17°/s | Y:    0.31°/s | Z:   -0.65°/s
X:   -0.19°/s | Y:    0.49°/s | Z:   -0.38°/s
X:   -0.28°/s | Y:    0.17°/s | Z:   -0.17°/s
X:   -0.05°/s | Y:    0.16°/s | Z:   -0.33°/s
X:   -0.09°/s | Y:    0.16°/s | Z:   -0.46°/s
X:   -0.49°/s | Y:    0.30°/s | Z:   -0.28°/s
X:   -0.07°/s | Y:    0.60°/s | Z:   -0.54°/s
X:   -0.16°/s | Y:    0.30°/s | Z:   -0.14°/s
X:   -0.56°/s | Y:    0.30°/s | Z:   -0.17°/s
X:    0.10°/s | Y:    0.19°/s | Z:   -0.91°/s
X:    0.14°/s | Y:    0.35°/s | Z:   -0.75°/s
X:   -0.26°/s | Y:    0.19°/s | Z:   -0.89°/s
X:   -0.40°/s | Y:    0.14°/s | Z:    0.02°/s
X:   -0.47°/s | Y:    0.31°/s | Z:   -0.70°/s
X:   -0.37°/s | Y:    0.28°/s | Z:   -0.35°/s
X:    0.00°/s | Y:    0.14°/s | Z:    0.12°/s
X:   -0.67°/s | Y:    0.25°/s | Z:   -0.51°/s
X:   -0.30°/s | Y:    0.75°/s | Z:   -0.77°/s
X:   -0.21°/s | Y:    0.37°/s | Z:   -0.42°/s
X:   -0.17°/s | Y:    0.68°/s | Z:   -0.47°/s
X:   -0.04°/s | Y:    0.14°/s | Z:   -0.72°/s
X:   -0.28°/s | Y:    0.25°/s | Z:   -0.14°/s
X:   -0.16°/s | Y:    0.42°/s | Z:   -0.61°/s
X:   -0.40°/s | Y:    0.25°/s | Z:   -0.10°/s
X:   -0.07°/s | Y:   -0.02°/s | Z:   -0.16°/s
X:   -0.35°/s | Y:   -0.12°/s | Z:   -0.82°/s
X:   -0.58°/s | Y:    0.33°/s | Z:   -0.68°/s
X:   -0.12°/s | Y:    0.10°/s | Z:   -0.14°/s
X:   -0.33°/s | Y:    0.40°/s | Z:   -0.23°/s
X:   -0.31°/s | Y:    0.37°/s | Z:   -0.37°/s
X:    0.16°/s | Y:    0.30°/s | Z:   -0.67°/s
X:   -0.25°/s | Y:    0.00°/s | Z:   -0.37°/s
X:   -0.31°/s | Y:    0.58°/s | Z:   -0.12°/s
X:    0.07°/s | Y:    0.19°/s | Z:   -0.17°/s
X:   -0.26°/s | Y:    0.35°/s | Z:   -0.21°/s
X:   -0.07°/s | Y:    0.44°/s | Z:   -0.75°/s
X:   -0.10°/s | Y:    0.00°/s | Z:   -0.77°/s
X:   -0.19°/s | Y:    0.16°/s | Z:    0.05°/s
X:   -0.19°/s | Y:    0.05°/s | Z:   -0.49°/s
X:   -0.58°/s | Y:    0.14°/s | Z:   -0.31°/s
X:   -0.38°/s | Y:    0.21°/s | Z:   -0.52°/s
X:   -0.37°/s | Y:    0.16°/s | Z:   -0.52°/s
X:   -0.21°/s | Y:    0.58°/s | Z:   -0.26°/s
X:   -0.16°/s | Y:   -0.09°/s | Z:   -0.52°/s
X:   -0.23°/s | Y:    0.17°/s | Z:   -0.89°/s
X:   -0.12°/s | Y:    0.40°/s | Z:   -0.44°/s
X:   -0.25°/s | Y:    0.42°/s | Z:   -0.30°/s
X:    0.07°/s | Y:    0.30°/s | Z:   -0.35°/s
X:   -0.51°/s | Y:    0.37°/s | Z:   -0.46°/s
X:   -0.52°/s | Y:    0.10°/s | Z:   -0.51°/s
X:   -0.05°/s | Y:    0.00°/s | Z:   -0.61°/s
X:   -0.12°/s | Y:    0.30°/s | Z:   -0.49°/s
X:   -0.49°/s | Y:    0.12°/s | Z:   -0.63°/s
X:   -0.37°/s | Y:    0.72°/s | Z:   -0.49°/s
X:   -0.21°/s | Y:    0.30°/s | Z:   -0.93°/s
X:   -0.68°/s | Y:    0.37°/s | Z:   -0.30°/s
X:   -0.26°/s | Y:    0.25°/s | Z:   -0.26°/s
X:   -0.26°/s | Y:    0.16°/s | Z:   -0.75°/s
X:   -0.56°/s | Y:    0.25°/s | Z:   -0.67°/s
X:   -0.30°/s | Y:    0.14°/s | Z:    0.14°/s
X:   -0.25°/s | Y:    0.65°/s | Z:   -0.35°/s
X:   -0.31°/s | Y:    0.28°/s | Z:   -0.46°/s
X:   -0.40°/s | Y:    0.16°/s | Z:   -0.61°/s
X:   -0.19°/s | Y:    0.44°/s | Z:   -0.19°/s
X:   -0.26°/s | Y:    0.46°/s | Z:   -0.44°/s
X:   -0.26°/s | Y:    0.09°/s | Z:   -0.16°/s
X:   -0.23°/s | Y:    0.19°/s | Z:   -0.61°/s
X:   -0.30°/s | Y:    0.25°/s | Z:   -0.02°/s
X:   -0.17°/s | Y:    0.17°/s | Z:   -0.30°/s
X:    0.21°/s | Y:    0.30°/s | Z:   -1.15°/s
X:   -0.17°/s | Y:   -0.35°/s | Z:   -0.26°/s
X:   -0.58°/s | Y:   -0.17°/s | Z:   -0.23°/s
X:   -0.52°/s | Y:    0.52°/s | Z:   -0.21°/s
X:   -0.21°/s | Y:    0.38°/s | Z:   -0.17°/s
X:   -0.17°/s | Y:    0.10°/s | Z:   -0.72°/s
X:   -0.54°/s | Y:   -0.09°/s | Z:   -0.75°/s
X:    0.21°/s | Y:    0.28°/s | Z:   -0.07°/s
X:    0.10°/s | Y:    0.07°/s | Z:   -0.70°/s
X:   -0.40°/s | Y:    0.28°/s | Z:   -0.65°/s
X:   -0.02°/s | Y:    0.33°/s | Z:   -0.72°/s
X:   -0.56°/s | Y:   -0.12°/s | Z:   -0.70°/s
X:   -0.31°/s | Y:    0.30°/s | Z:   -0.12°/s
X:   -0.33°/s | Y:    0.47°/s | Z:   -0.21°/s
X:   -0.26°/s | Y:    0.16°/s | Z:   -0.54°/s
X:   -0.44°/s | Y:    0.42°/s | Z:   -0.70°/s
X:   -0.33°/s | Y:    0.12°/s | Z:   -0.68°/s

📊 System Stats (every 1000 process_data calls / ~2.5s):
  Process Data Avg: 25.514μs (1000 calls)
  Read Sensor Avg: 16.208μs (1000 calls)
  Total Time: 6508.847μs
  Anomalies: 0
  CPU Usage: 0.26%
──────────────────────────────────────
X:   -0.42°/s | Y:    0.25°/s | Z:   -0.31°/s
X:   -0.38°/s | Y:    0.19°/s | Z:   -0.38°/s
X:   -0.33°/s | Y:    0.30°/s | Z:   -0.40°/s
X:   -0.04°/s | Y:    0.61°/s | Z:   -0.67°/s
X:   -1.00°/s | Y:    0.21°/s | Z:   -0.63°/s
X:   -0.61°/s | Y:    0.33°/s | Z:   -0.49°/s
X:    0.02°/s | Y:    0.16°/s | Z:   -0.42°/s
X:   -0.21°/s | Y:    0.35°/s | Z:   -0.35°/s
X:   -0.28°/s | Y:    0.42°/s | Z:   -0.51°/s
X:   -0.12°/s | Y:    0.56°/s | Z:   -0.23°/s
X:   -0.40°/s | Y:    0.52°/s | Z:   -0.52°/s
X:   -0.51°/s | Y:    0.09°/s | Z:   -0.63°/s
X:   -0.25°/s | Y:    0.05°/s | Z:   -0.44°/s
X:   -0.60°/s | Y:    0.19°/s | Z:    0.07°/s
X:    0.17°/s | Y:    0.33°/s | Z:   -0.84°/s
X:   -0.04°/s | Y:    0.31°/s | Z:   -0.79°/s
X:    0.00°/s | Y:    0.25°/s | Z:   -0.77°/s
X:   -0.35°/s | Y:    0.56°/s | Z:   -0.94°/s
X:   -0.77°/s | Y:    0.16°/s | Z:   -0.07°/s
X:   -0.09°/s | Y:    0.16°/s | Z:   -0.51°/s
X:   -0.12°/s | Y:    0.40°/s | Z:   -0.35°/s
X:   -0.12°/s | Y:    0.23°/s | Z:   -0.42°/s
X:   -0.16°/s | Y:    0.31°/s | Z:   -0.42°/s
X:   -0.40°/s | Y:    0.42°/s | Z:   -0.14°/s
X:   -0.46°/s | Y:    0.42°/s | Z:   -0.33°/s
X:   -0.46°/s | Y:    0.52°/s | Z:   -0.70°/s
X:   -0.10°/s | Y:    0.19°/s | Z:   -0.46°/s
X:   -0.47°/s | Y:    0.00°/s | Z:   -0.14°/s
X:   -0.25°/s | Y:    0.46°/s | Z:   -1.14°/s
X:   -0.17°/s | Y:    0.26°/s | Z:    0.04°/s
X:   -0.35°/s | Y:    0.28°/s | Z:    0.10°/s
X:   -0.04°/s | Y:    0.44°/s | Z:   -0.65°/s
X:   -0.07°/s | Y:    0.26°/s | Z:   -0.60°/s
X:   -0.33°/s | Y:    0.17°/s | Z:   -0.42°/s
X:   -0.14°/s | Y:    0.54°/s | Z:   -0.84°/s
X:   -0.17°/s | Y:    0.19°/s | Z:   -0.30°/s
X:    0.04°/s | Y:    0.30°/s | Z:   -0.38°/s
X:   -0.12°/s | Y:    0.30°/s | Z:   -0.38°/s
X:   -0.35°/s | Y:    0.28°/s | Z:   -0.37°/s
X:   -0.09°/s | Y:    0.35°/s | Z:   -0.82°/s
X:   -0.19°/s | Y:    0.16°/s | Z:   -0.31°/s
X:   -0.51°/s | Y:    0.25°/s | Z:   -0.25°/s
X:   -0.12°/s | Y:    0.19°/s | Z:   -0.60°/s
X:   -0.49°/s | Y:    0.21°/s | Z:   -0.47°/s
X:    0.05°/s | Y:    0.07°/s | Z:   -0.31°/s
X:   -0.17°/s | Y:    0.60°/s | Z:   -0.61°/s
X:   -0.26°/s | Y:    0.16°/s | Z:   -0.56°/s
X:   -0.35°/s | Y:    0.40°/s | Z:   -0.93°/s
X:    0.10°/s | Y:    0.54°/s | Z:   -0.12°/s
X:   -0.17°/s | Y:    0.44°/s | Z:    0.10°/s
X:   -0.42°/s | Y:    0.10°/s | Z:   -0.19°/s
X:   -0.42°/s | Y:    0.02°/s | Z:   -0.58°/s
X:   -0.40°/s | Y:    0.07°/s | Z:   -0.25°/s
X:   -0.26°/s | Y:    0.21°/s | Z:   -0.56°/s
X:   -0.04°/s | Y:    0.02°/s | Z:   -0.42°/s
X:    0.05°/s | Y:    0.42°/s | Z:   -0.14°/s
X:   -0.35°/s | Y:    0.26°/s | Z:   -0.56°/s
X:   -0.14°/s | Y:    0.33°/s | Z:   -0.58°/s
X:   -0.14°/s | Y:    0.21°/s | Z:   -0.81°/s
X:   -0.10°/s | Y:    0.10°/s | Z:   -0.40°/s
X:   -0.26°/s | Y:    0.04°/s | Z:   -0.60°/s
X:   -0.10°/s | Y:    0.46°/s | Z:   -0.25°/s
X:    0.23°/s | Y:    0.54°/s | Z:   -0.49°/s
X:   -0.40°/s | Y:    0.23°/s | Z:   -0.52°/s
X:   -0.44°/s | Y:    0.31°/s | Z:   -0.58°/s
X:    0.23°/s | Y:    0.21°/s | Z:   -0.10°/s
X:    0.23°/s | Y:    0.17°/s | Z:   -0.46°/s
X:   -0.28°/s | Y:    0.52°/s | Z:    0.04°/s
X:   -0.05°/s | Y:   -0.09°/s | Z:   -0.16°/s
X:   -4.41°/s | Y:    0.35°/s | Z:   -0.26°/s
X:   -0.26°/s | Y:    0.31°/s | Z:    0.17°/s
X:    0.12°/s | Y:    0.28°/s | Z:   -0.89°/s
X:   -0.05°/s | Y:    0.56°/s | Z:   -0.28°/s
X:   -0.05°/s | Y:    0.02°/s | Z:   -0.49°/s
X:   -0.10°/s | Y:    0.05°/s | Z:   -0.19°/s
X:   -0.72°/s | Y:    0.25°/s | Z:   -0.49°/s
X:   -0.42°/s | Y:    0.17°/s | Z:   -1.09°/s
X:   -0.28°/s | Y:    0.47°/s | Z:   -0.19°/s
X:   -0.42°/s | Y:    0.23°/s | Z:   -1.01°/s
X:   -0.35°/s | Y:    0.38°/s | Z:   -0.46°/s
X:   -0.33°/s | Y:    0.19°/s | Z:   -0.17°/s
X:   -0.28°/s | Y:    0.28°/s | Z:   -0.84°/s
X:   -0.51°/s | Y:    0.75°/s | Z:   -0.86°/s
X:   -0.31°/s | Y:    0.14°/s | Z:   -0.07°/s
X:   -0.30°/s | Y:    0.26°/s | Z:   -0.44°/s
X:   -0.38°/s | Y:    0.33°/s | Z:   -0.07°/s
X:   -0.35°/s | Y:    0.40°/s | Z:   -0.21°/s
X:   -0.23°/s | Y:    0.23°/s | Z:    0.02°/s
X:   -0.33°/s | Y:   -0.12°/s | Z:   -0.67°/s
X:   -0.63°/s | Y:    0.09°/s | Z:   -0.44°/s
X:   -0.23°/s | Y:   -0.10°/s | Z:   -0.26°/s
X:   -0.12°/s | Y:    0.26°/s | Z:   -0.16°/s
X:   -0.74°/s | Y:    0.17°/s | Z:   -0.25°/s
X:    0.14°/s | Y:    0.61°/s | Z:   -1.26°/s
X:    0.00°/s | Y:    0.46°/s | Z:   -0.88°/s
X:   -0.42°/s | Y:    0.42°/s | Z:   -0.88°/s
X:   -0.47°/s | Y:   -0.02°/s | Z:    0.09°/s
X:   -0.05°/s | Y:    0.12°/s | Z:   -0.74°/s
X:    0.40°/s | Y:    0.21°/s | Z:   -0.72°/s
X:   -0.52°/s | Y:   -0.30°/s | Z:   -0.51°/s
X:   -0.58°/s | Y:    0.31°/s | Z:   -0.14°/s
X:   -7.39°/s | Y:  -17.87°/s | Z:   18.92°/s
X:    2.62°/s | Y:   -1.72°/s | Z:    8.56°/s
X:   12.30°/s | Y:   44.43°/s | Z:  -27.28°/s
X:    4.80°/s | Y:   18.15°/s | Z:  -16.52°/s
X:    1.12°/s | Y:    3.15°/s | Z:   -4.71°/s
X:    0.25°/s | Y:   -1.77°/s | Z:    3.15°/s
X:    4.80°/s | Y:    3.67°/s | Z:    0.16°/s
X:    0.93°/s | Y:    2.62°/s | Z:   -2.54°/s
X:    0.21°/s | Y:    1.31°/s | Z:   -1.49°/s
X:    0.17°/s | Y:    0.81°/s | Z:   -1.00°/s
X:   -0.40°/s | Y:    0.28°/s | Z:   -0.63°/s
X:    0.17°/s | Y:    0.25°/s | Z:   -0.63°/s
X:   -8.65°/s | Y:   -2.80°/s | Z:   -2.52°/s
X:    0.42°/s | Y:   -1.01°/s | Z:   -4.36°/s
X:   -0.31°/s | Y:    3.83°/s | Z:    7.28°/s
X:    0.07°/s | Y:   -0.74°/s | Z:   -0.67°/s
X:   -0.93°/s | Y:    0.26°/s | Z:   -0.17°/s
X:   -1.31°/s | Y:    2.54°/s | Z:    1.56°/s
X:   -1.70°/s | Y:    3.62°/s | Z:    2.00°/s
X:   -1.50°/s | Y:   -0.60°/s | Z:    0.81°/s
X:   -0.12°/s | Y:    0.77°/s | Z:   -1.89°/s
X:   -0.75°/s | Y:   -0.05°/s | Z:   -1.54°/s
X:   -0.16°/s | Y:    0.12°/s | Z:   -0.17°/s
X:    0.72°/s | Y:    1.24°/s | Z:    0.98°/s
X:   -0.81°/s | Y:   -0.19°/s | Z:    0.60°/s
X:   -0.70°/s | Y:   -2.15°/s | Z:    3.34°/s
X:   -3.03°/s | Y:   -0.42°/s | Z:    5.30°/s
X:   -3.18°/s | Y:   -2.05°/s | Z:    6.44°/s
X:    1.10°/s | Y:   -0.28°/s | Z:   -0.10°/s
X:    2.77°/s | Y:   63.31°/s | Z:  -22.72°/s
X:   11.32°/s | Y:   30.69°/s | Z:  -26.46°/s
X:   29.80°/s | Y:  109.64°/s | Z:   41.19°/s
X:    0.14°/s | Y:   76.93°/s | Z:   69.30°/s
X:  -30.29°/s | Y:   79.54°/s | Z:  103.32°/s
X:   -5.14°/s | Y:   82.72°/s | Z:  107.07°/s
X:    4.83°/s | Y:   28.54°/s | Z:  115.39°/s
X:    1.33°/s | Y:   61.02°/s | Z:   80.03°/s
X:  -39.29°/s | Y:    1.98°/s | Z:   40.23°/s
X:   -3.87°/s | Y:   12.44°/s | Z:   54.37°/s
X:    3.24°/s | Y:  -13.23°/s | Z:   45.01°/s
X:  -18.71°/s | Y:   13.28°/s | Z:   37.68°/s
X:   12.72°/s | Y:   12.37°/s | Z:   30.92°/s
X:   14.98°/s | Y:   28.61°/s | Z:   24.31°/s
X:    2.54°/s | Y:    4.16°/s | Z:   22.68°/s
X:  -11.95°/s | Y:   22.47°/s | Z:    5.60°/s
X:   14.52°/s | Y:   15.45°/s | Z:   24.82°/s
X:   27.60°/s | Y:   24.40°/s | Z:    0.63°/s
X:    9.43°/s | Y:   63.63°/s | Z:   23.52°/s
X:   12.55°/s | Y:   78.87°/s | Z:   25.11°/s
X:   23.38°/s | Y:  123.04°/s | Z:   31.60°/s
X:   -8.21°/s | Y:   87.22°/s | Z:   15.82°/s
X:    6.41°/s | Y:  131.53°/s | Z:   52.26°/s
X:   -5.23°/s | Y:   14.42°/s | Z:   34.44°/s
X:  -23.56°/s | Y:   -3.10°/s | Z:   22.94°/s
X:  -16.07°/s | Y: -111.32°/s | Z:  -14.79°/s
X:    1.77°/s | Y:  -91.04°/s | Z:  -23.50°/s
X:   -8.02°/s | Y:  -64.45°/s | Z:   -6.67°/s
X:  -17.90°/s | Y:  -72.45°/s | Z:  -18.29°/s
X:  -11.78°/s | Y:  -75.14°/s | Z:  -18.58°/s
X:    8.61°/s | Y:  -86.22°/s | Z:   -0.47°/s
X:  -15.15°/s | Y:  -87.45°/s | Z:  -14.89°/s
X:  -19.11°/s | Y:  -70.11°/s | Z:  -18.90°/s
X:  -17.17°/s | Y:  -60.22°/s | Z:  -17.34°/s
X:   -1.94°/s | Y:  -55.37°/s | Z:  -18.27°/s
X:  -13.42°/s | Y:  -30.10°/s | Z:  -16.33°/s
X:    0.07°/s | Y:  -39.78°/s | Z:   -8.93°/s
X:   -0.61°/s | Y:  -27.81°/s | Z:  -27.19°/s
X:   -8.17°/s | Y:   10.05°/s | Z:  -15.45°/s
X:   12.18°/s | Y:   64.82°/s | Z:  -10.40°/s
X:   26.08°/s | Y:  108.69°/s | Z:   12.13°/s
X:    5.14°/s | Y:  102.03°/s | Z:    8.35°/s
X:   12.95°/s | Y:   79.94°/s | Z:   14.02°/s
X:   17.15°/s | Y:   55.95°/s | Z:   21.79°/s
X:    1.66°/s | Y:   22.61°/s | Z:   15.15°/s
X:    7.63°/s | Y:    9.69°/s | Z:    6.60°/s
X:   11.20°/s | Y:   -1.47°/s | Z:    4.22°/s
X:   -4.27°/s | Y:  -19.95°/s | Z:   12.67°/s
X:   -8.09°/s | Y:  -14.94°/s | Z:    7.09°/s
X:  -15.96°/s | Y:  -37.42°/s | Z:    2.54°/s
X:  -36.98°/s | Y:  -13.49°/s | Z:    0.96°/s
X:  -33.39°/s | Y:    0.38°/s | Z:   -4.13°/s
X:  -21.10°/s | Y:   12.90°/s | Z:  -44.35°/s
X:  -34.69°/s | Y:   12.02°/s | Z:   -7.66°/s
X:  -42.14°/s | Y:  -27.41°/s | Z:    3.71°/s
X:    1.61°/s | Y:   15.30°/s | Z:  -13.67°/s
X:    2.35°/s | Y:  -17.20°/s | Z:   -4.09°/s
X:   16.94°/s | Y:  -15.98°/s | Z:  -52.12°/s
X:  -18.81°/s | Y:  -25.09°/s | Z:  -38.80°/s
X:  -20.41°/s | Y:  -26.62°/s | Z:  -45.20°/s
X:  -33.65°/s | Y:  -40.51°/s | Z:  -31.76°/s
X:  -13.23°/s | Y:  -13.28°/s | Z:    4.57°/s
X:  -52.83°/s | Y:  -18.36°/s | Z:  -22.61°/s
X:  -90.98°/s | Y:  -46.53°/s | Z:  -49.79°/s
X:  -49.72°/s | Y:   -1.77°/s | Z:   -1.56°/s
X:  -54.39°/s | Y:   17.08°/s | Z:  -28.39°/s
X:  -45.13°/s | Y:   48.76°/s | Z:  -13.61°/s
X:  -55.28°/s | Y:   -0.52°/s | Z:   -1.19°/s
X:   14.30°/s | Y:  -29.40°/s | Z:   33.90°/s
X:   58.57°/s | Y:  -10.19°/s | Z:  116.50°/s
X:   58.54°/s | Y:  -17.06°/s | Z:   92.73°/s
X:   28.79°/s | Y:  -28.82°/s | Z:  106.94°/s
X:   28.44°/s | Y:   -1.86°/s | Z:   41.69°/s
X:   68.25°/s | Y:   -5.13°/s | Z:   42.75°/s
X:   59.94°/s | Y:   -3.29°/s | Z:   59.36°/s
X:   24.90°/s | Y:   -4.20°/s | Z:   21.59°/s
X:   38.76°/s | Y:   -5.88°/s | Z:   10.55°/s
X:   47.95°/s | Y:  -13.55°/s | Z:    3.61°/s
X:   30.36°/s | Y:   -5.04°/s | Z:   31.75°/s
X:    6.34°/s | Y:    2.57°/s | Z:  -10.97°/s
X:   22.43°/s | Y:    3.13°/s | Z:  -21.32°/s
X:    3.66°/s | Y:  -10.47°/s | Z:  -62.70°/s
X:   -3.17°/s | Y:  -13.65°/s | Z:  -76.93°/s
X:   17.18°/s | Y:  -14.66°/s | Z:  -24.40°/s
X:   -2.48°/s | Y:   -9.89°/s | Z:  -25.93°/s
X:  -23.08°/s | Y:  -21.82°/s | Z:  -37.33°/s
X:  -11.65°/s | Y:  -19.53°/s | Z:  -22.82°/s
X:  -20.19°/s | Y:  -19.20°/s | Z:  -21.09°/s
X:  -22.03°/s | Y:   -6.46°/s | Z:  -40.81°/s
X:    5.62°/s | Y:   25.09°/s | Z:  -21.05°/s
X:  -11.67°/s | Y:    0.84°/s | Z:  -11.67°/s
X:   -4.76°/s | Y:   20.53°/s | Z:  -15.44°/s
X:   -0.42°/s | Y:   25.02°/s | Z:  -13.91°/s
X:    3.03°/s | Y:   14.88°/s | Z:    0.79°/s
X:   -0.75°/s | Y:   11.02°/s | Z:   -0.42°/s
X:   -0.89°/s | Y:    6.84°/s | Z:    2.12°/s
X:    8.93°/s | Y:   14.82°/s | Z:    6.97°/s
X:   12.06°/s | Y:   19.77°/s | Z:   31.67°/s
X:   -2.05°/s | Y:    9.69°/s | Z:   24.01°/s
X:   10.01°/s | Y:   20.88°/s | Z:   27.37°/s
X:    8.52°/s | Y:   16.34°/s | Z:   21.70°/s
X:   10.05°/s | Y:   -7.19°/s | Z:   -6.77°/s
X:    7.70°/s | Y:  -13.69°/s | Z:    9.29°/s
X:    6.55°/s | Y:   -7.74°/s | Z:   17.24°/s
X:    1.84°/s | Y:   -7.32°/s | Z:   16.52°/s
X:   -3.24°/s | Y:  -12.60°/s | Z:   14.58°/s
X:   -1.31°/s | Y:   -2.50°/s | Z:   11.15°/s
X:  -10.85°/s | Y:  -16.54°/s | Z:   -5.90°/s
X:  -21.82°/s | Y:   -4.41°/s | Z:  -10.81°/s
X:  -12.79°/s | Y:   -7.35°/s | Z:   -0.44°/s
X:    0.94°/s | Y:    9.03°/s | Z:   -2.52°/s
X:    6.20°/s | Y:   18.69°/s | Z:    9.40°/s
X:   -0.05°/s | Y:   18.02°/s | Z:   14.24°/s
X:    3.01°/s | Y:   10.10°/s | Z:   21.94°/s
X:  -21.56°/s | Y:  -54.13°/s | Z:   50.63°/s
X:  -30.42°/s | Y:  -62.39°/s | Z:   12.93°/s
X:  -28.89°/s | Y:  -56.05°/s | Z:   -9.75°/s
X:  -18.13°/s | Y:  -67.24°/s | Z:   -7.51°/s
X:  -12.56°/s | Y:  -56.03°/s | Z:  -12.04°/s
X:    5.06°/s | Y:  -66.29°/s | Z:  -26.81°/s

📊 System Stats (every 1000 process_data calls / ~2.5s):
  Process Data Avg: 28.069μs (1000 calls)
  Read Sensor Avg: 16.208μs (1000 calls)
  Total Time: 6511.403μs
  Anomalies: 0
  CPU Usage: 0.26%
──────────────────────────────────────
X:   -2.75°/s | Y:  -52.29°/s | Z:  -17.08°/s
X:   -4.09°/s | Y:  -43.49°/s | Z:   -4.29°/s
X:   -5.91°/s | Y:  -89.39°/s | Z:  -10.73°/s
X:    5.43°/s | Y:    5.67°/s | Z:  -13.12°/s
X:    2.61°/s | Y:   80.04°/s | Z:   -6.84°/s
⚠️  ANOMALY #1: Δx=8.63, Δy=220.15, Δz=5.42
X:   33.58°/s | Y:  417.50°/s | Z:    8.36°/s
⚠️  ANOMALY #2: Δx=38.34, Δy=155.43, Δz=22.19
⚠️  ANOMALY #3: Δx=21.51, Δy=304.24, Δz=30.57
⚠️  ANOMALY #4: Δx=16.49, Δy=355.25, Δz=24.38
⚠️  ANOMALY #5: Δx=58.26, Δy=111.56, Δz=52.92
X:   18.69°/s | Y:   25.01°/s | Z:  -16.17°/s
⚠️  ANOMALY #6: Δx=133.09, Δy=125.28, Δz=48.86
⚠️  ANOMALY #7: Δx=156.17, Δy=67.29, Δz=30.10
⚠️  ANOMALY #8: Δx=4.67, Δy=200.45, Δz=40.79
⚠️  ANOMALY #9: Δx=310.85, Δy=155.14, Δz=160.35
X:   44.96°/s | Y: -122.25°/s | Z:   24.43°/s
⚠️  ANOMALY #10: Δx=346.29, Δy=153.47, Δz=124.51
⚠️  ANOMALY #11: Δx=292.92, Δy=125.42, Δz=84.09
⚠️  ANOMALY #12: Δx=321.81, Δy=192.59, Δz=308.00
X: -245.86°/s | Y:  -75.85°/s | Z: -214.15°/s
⚠️  ANOMALY #13: Δx=298.02, Δy=38.67, Δz=311.71
⚠️  ANOMALY #14: Δx=228.41, Δy=180.85, Δz=51.82
⚠️  ANOMALY #15: Δx=201.23, Δy=24.43, Δz=196.02
⚠️  ANOMALY #16: Δx=194.97, Δy=122.13, Δz=70.74
X: -115.62°/s | Y:  -31.38°/s | Z: -117.37°/s
⚠️  ANOMALY #17: Δx=161.70, Δy=88.44, Δz=88.41
X:   37.12°/s | Y:   57.91°/s | Z:   -3.73°/s
X:   21.96°/s | Y:   23.29°/s | Z:    0.21°/s
X:  -26.35°/s | Y:   38.74°/s | Z:    7.40°/s
X:   22.47°/s | Y:   62.88°/s | Z:   15.63°/s
X:    1.29°/s | Y:   31.85°/s | Z:   23.57°/s
X:   22.38°/s | Y:   67.41°/s | Z:   60.15°/s
X:   29.75°/s | Y:   31.33°/s | Z:   51.49°/s
X:    9.90°/s | Y:  -10.66°/s | Z:   -2.71°/s
X:  -11.01°/s | Y:   -3.73°/s | Z:    3.08°/s
X:  -24.48°/s | Y:  -48.51°/s | Z:   -1.87°/s
X:  -21.03°/s | Y:  -39.81°/s | Z:  -12.88°/s
X:  -79.12°/s | Y:  -55.53°/s | Z:  -21.17°/s
⚠️  ANOMALY #18: Δx=0.81, Δy=33.22, Δz=101.31
X:  -93.78°/s | Y:  -57.28°/s | Z: -172.22°/s
⚠️  ANOMALY #19: Δx=6.70, Δy=12.79, Δz=119.00
⚠️  ANOMALY #20: Δx=12.20, Δy=9.66, Δz=149.96
X:  -70.79°/s | Y:  -82.64°/s | Z:  -29.63°/s
⚠️  ANOMALY #21: Δx=102.36, Δy=9.75, Δz=12.28
X:   44.62°/s | Y:   43.66°/s | Z:    2.45°/s
X:   18.39°/s | Y:   31.52°/s | Z:   31.57°/s
X:    2.36°/s | Y:   -2.89°/s | Z:   13.58°/s
X:   16.12°/s | Y:   16.94°/s | Z:    7.33°/s
X:   33.08°/s | Y:   29.98°/s | Z:    8.73°/s
X:   18.92°/s | Y:   13.23°/s | Z:   36.42°/s
X:   29.30°/s | Y:   17.73°/s | Z:   41.44°/s
X:   27.91°/s | Y:   -5.23°/s | Z:   53.46°/s
X:   24.27°/s | Y:    7.51°/s | Z:   14.14°/s
X:    4.78°/s | Y:    1.28°/s | Z:   -0.89°/s
X:    1.29°/s | Y:   -1.03°/s | Z:   -2.33°/s
X:   -3.73°/s | Y:  -22.14°/s | Z:   -3.71°/s
X:    4.27°/s | Y:    2.12°/s | Z:   -4.55°/s
X:    2.99°/s | Y:    7.07°/s | Z:   -3.08°/s
X:    0.26°/s | Y:  -16.50°/s | Z:   18.97°/s
⚠️  ANOMALY #22: Δx=29.96, Δy=7.65, Δz=158.83
⚠️  ANOMALY #23: Δx=42.75, Δy=11.36, Δz=110.88
X:  -70.26°/s | Y:  -25.85°/s | Z: -304.33°/s
⚠️  ANOMALY #24: Δx=30.19, Δy=11.08, Δz=107.61
X:   23.05°/s | Y:   -3.13°/s | Z:   34.49°/s
X:    2.97°/s | Y:   27.18°/s | Z:  -21.07°/s
X:   10.50°/s | Y:   17.31°/s | Z:    5.74°/s
X:    5.95°/s | Y:   43.49°/s | Z:   30.94°/s
⚠️  ANOMALY #25: Δx=10.17, Δy=18.74, Δz=150.22
⚠️  ANOMALY #26: Δx=11.41, Δy=55.06, Δz=111.53
X:   -6.39°/s | Y:  -27.90°/s | Z:  391.05°/s
⚠️  ANOMALY #27: Δx=28.02, Δy=38.66, Δz=156.48
⚠️  ANOMALY #28: Δx=0.56, Δy=6.13, Δz=202.86
⚠️  ANOMALY #29: Δx=16.69, Δy=20.65, Δz=142.26
X:   14.39°/s | Y:   21.91°/s | Z: -107.08°/s
X:    9.56°/s | Y:    3.99°/s | Z:   13.79°/s
X:   -2.41°/s | Y:   -0.44°/s | Z:    3.05°/s
X:   10.24°/s | Y:    2.28°/s | Z:   -3.88°/s
X:   21.91°/s | Y:   -1.24°/s | Z:    5.11°/s
X:  -95.34°/s | Y:   34.79°/s | Z:  -30.61°/s
X: -209.37°/s | Y:  -77.19°/s | Z: -178.26°/s
⚠️  ANOMALY #30: Δx=140.66, Δy=32.03, Δz=1.51
⚠️  ANOMALY #31: Δx=271.90, Δy=87.76, Δz=163.59
⚠️  ANOMALY #32: Δx=196.67, Δy=49.82, Δz=135.98
⚠️  ANOMALY #33: Δx=139.91, Δy=54.20, Δz=23.10
X:  259.95°/s | Y:   82.57°/s | Z:  145.91°/s
⚠️  ANOMALY #34: Δx=207.11, Δy=114.03, Δz=104.21
⚠️  ANOMALY #35: Δx=203.51, Δy=34.37, Δz=155.51
X: -125.06°/s | Y:  -74.72°/s | Z:  -84.00°/s
⚠️  ANOMALY #36: Δx=193.50, Δy=54.41, Δz=67.90
⚠️  ANOMALY #37: Δx=135.90, Δy=20.95, Δz=19.25
⚠️  ANOMALY #38: Δx=146.04, Δy=21.75, Δz=4.22
⚠️  ANOMALY #39: Δx=127.37, Δy=43.89, Δz=58.20
X:  -69.06°/s | Y:  -21.51°/s | Z:  -59.27°/s
X:   84.40°/s | Y:   36.21°/s | Z:   -9.05°/s
⚠️  ANOMALY #40: Δx=129.52, Δy=62.58, Δz=97.62
X:  -58.26°/s | Y:  -21.26°/s | Z:  -78.84°/s
X:   12.04°/s | Y:  -21.77°/s | Z:  -83.98°/s
X:   36.03°/s | Y:  -13.70°/s | Z:  -83.11°/s
X:   16.45°/s | Y:    4.16°/s | Z:   17.67°/s
X:  -18.73°/s | Y:    1.23°/s | Z:   10.43°/s
X:   -1.31°/s | Y:   17.83°/s | Z:  189.38°/s
⚠️  ANOMALY #41: Δx=38.29, Δy=77.77, Δz=100.52
X:   12.16°/s | Y:  171.76°/s | Z:  366.55°/s
⚠️  ANOMALY #42: Δx=57.12, Δy=41.61, Δz=117.95
X:   21.86°/s | Y:   93.76°/s | Z:   36.73°/s
X:   48.00°/s | Y:   28.70°/s | Z:   50.72°/s
X:  -28.26°/s | Y:  -33.56°/s | Z:  -80.80°/s
⚠️  ANOMALY #43: Δx=4.34, Δy=56.10, Δz=116.41
X: -143.15°/s | Y:  -99.19°/s | Z: -198.22°/s
⚠️  ANOMALY #44: Δx=101.27, Δy=22.03, Δz=71.59
X:  162.61°/s | Y:  -25.22°/s | Z:   42.98°/s
X:    9.48°/s | Y:  -12.06°/s | Z:   36.84°/s
X: -130.64°/s | Y:  -52.34°/s | Z:  -61.25°/s
⚠️  ANOMALY #45: Δx=169.56, Δy=10.13, Δz=37.47
⚠️  ANOMALY #46: Δx=121.71, Δy=56.88, Δz=31.59
⚠️  ANOMALY #47: Δx=147.80, Δy=43.00, Δz=30.34
X:   68.20°/s | Y:   57.82°/s | Z:  -35.47°/s
⚠️  ANOMALY #48: Δx=129.15, Δy=80.15, Δz=56.70
⚠️  ANOMALY #49: Δx=130.36, Δy=57.19, Δz=59.92
X:   33.18°/s | Y:  -15.57°/s | Z:  -71.80°/s
⚠️  ANOMALY #50: Δx=103.04, Δy=9.47, Δz=39.95
⚠️  ANOMALY #51: Δx=104.97, Δy=122.97, Δz=78.49
X:  -84.56°/s | Y:  -72.40°/s | Z: -110.44°/s
⚠️  ANOMALY #52: Δx=137.53, Δy=33.42, Δz=57.87
X:  -33.30°/s | Y:  -28.09°/s | Z:   -8.05°/s
X:  -17.59°/s | Y:   17.15°/s | Z:   49.02°/s
⚠️  ANOMALY #53: Δx=27.83, Δy=20.30, Δz=126.58
⚠️  ANOMALY #54: Δx=10.69, Δy=93.47, Δz=133.32
⚠️  ANOMALY #55: Δx=89.16, Δy=56.46, Δz=114.49
X:   -7.05°/s | Y:   54.71°/s | Z:  -23.68°/s
⚠️  ANOMALY #56: Δx=106.35, Δy=19.67, Δz=17.38
⚠️  ANOMALY #57: Δx=0.75, Δy=28.98, Δz=107.00
⚠️  ANOMALY #58: Δx=67.18, Δy=14.96, Δz=141.23
⚠️  ANOMALY #59: Δx=132.96, Δy=5.16, Δz=18.64
X:   86.00°/s | Y:   -3.74°/s | Z:  260.56°/s
⚠️  ANOMALY #60: Δx=104.68, Δy=78.33, Δz=175.63
⚠️  ANOMALY #61: Δx=109.88, Δy=42.25, Δz=93.50
⚠️  ANOMALY #62: Δx=175.05, Δy=104.72, Δz=10.45
X: -147.16°/s | Y:  -26.27°/s | Z:    5.46°/s
⚠️  ANOMALY #63: Δx=108.97, Δy=39.85, Δz=66.87
X:  119.40°/s | Y:   41.49°/s | Z:   19.84°/s
⚠️  ANOMALY #64: Δx=108.83, Δy=34.37, Δz=48.21
X:  -66.85°/s | Y:  -19.00°/s | Z:   28.05°/s
⚠️  ANOMALY #65: Δx=105.93, Δy=28.02, Δz=16.17
⚠️  ANOMALY #66: Δx=119.65, Δy=57.24, Δz=55.93
X:  -42.94°/s | Y:    6.68°/s | Z:  -60.24°/s
⚠️  ANOMALY #67: Δx=124.48, Δy=31.11, Δz=25.30
X:  132.93°/s | Y:   23.38°/s | Z:   43.66°/s
⚠️  ANOMALY #68: Δx=104.44, Δy=53.25, Δz=12.49
X:  -74.20°/s | Y:   -3.80°/s | Z:   -2.22°/s
X:   70.58°/s | Y:    3.94°/s | Z:   51.22°/s
X:  -22.70°/s | Y:    1.12°/s | Z:    0.28°/s
X:  112.11°/s | Y:  -17.15°/s | Z:   22.40°/s
X:  -62.67°/s | Y:  -62.21°/s | Z:  -12.77°/s
X:   -0.70°/s | Y: -104.40°/s | Z:  -44.26°/s
X:  -26.15°/s | Y: -109.27°/s | Z:  -58.66°/s
X:  -29.49°/s | Y:  -86.35°/s | Z:  -87.71°/s
X:    8.96°/s | Y: -124.53°/s | Z:  -45.88°/s
X:  -15.75°/s | Y:  -44.78°/s | Z:  -27.46°/s
X:  -55.56°/s | Y:  -68.51°/s | Z:  -43.80°/s
X:    1.87°/s | Y: -117.30°/s | Z:  -41.12°/s
X:  -17.97°/s | Y: -266.65°/s | Z:  -21.74°/s
⚠️  ANOMALY #69: Δx=9.28, Δy=125.16, Δz=22.89
X:   12.15°/s | Y:  -28.47°/s | Z:   11.48°/s
X:  -13.27°/s | Y:   61.02°/s | Z:  -10.69°/s
⚠️  ANOMALY #70: Δx=3.34, Δy=310.82, Δz=2.99
⚠️  ANOMALY #71: Δx=74.62, Δy=107.82, Δz=40.72
X:  155.00°/s | Y:  573.16°/s | Z:   65.71°/s
⚠️  ANOMALY #72: Δx=1.49, Δy=594.79, Δz=77.73
⚠️  ANOMALY #73: Δx=122.03, Δy=139.93, Δz=51.40
⚠️  ANOMALY #74: Δx=134.91, Δy=90.89, Δz=24.85
X:  -68.64°/s | Y:  -70.67°/s | Z:   29.98°/s
⚠️  ANOMALY #75: Δx=37.01, Δy=121.99, Δz=0.38
⚠️  ANOMALY #76: Δx=41.18, Δy=181.82, Δz=24.03
X:   48.44°/s | Y:   19.81°/s | Z:  -33.08°/s
X:  -28.07°/s | Y: -176.15°/s | Z:   10.45°/s
X:    3.55°/s | Y: -144.04°/s | Z:   -5.90°/s
X:    0.14°/s | Y:  -63.47°/s | Z:  -14.07°/s
⚠️  ANOMALY #77: Δx=24.18, Δy=106.40, Δz=11.67
X:   13.40°/s | Y:  126.77°/s | Z:   -4.72°/s
⚠️  ANOMALY #78: Δx=28.74, Δy=109.13, Δz=4.78
X:    3.73°/s | Y:  111.47°/s | Z:    3.12°/s
X:   23.83°/s | Y:  272.25°/s | Z:   60.10°/s
X:    6.07°/s | Y:  155.79°/s | Z:   66.69°/s
X:   -6.25°/s | Y:   53.31°/s | Z:    3.87°/s
X:   17.25°/s | Y:  116.39°/s | Z:   61.51°/s
X:   35.33°/s | Y:   81.83°/s | Z:   32.97°/s
X:   -4.76°/s | Y:   -0.25°/s | Z:  -14.16°/s
⚠️  ANOMALY #79: Δx=5.60, Δy=144.83, Δz=3.52
⚠️  ANOMALY #80: Δx=35.53, Δy=140.89, Δz=2.10
X:  -97.63°/s | Y: -306.79°/s | Z:   -8.23°/s
⚠️  ANOMALY #81: Δx=44.77, Δy=191.99, Δz=18.55
X:    6.98°/s | Y:  -66.38°/s | Z:  -52.96°/s
X:   -5.70°/s | Y:  -48.09°/s | Z:  -30.94°/s
X:    3.69°/s | Y:  -51.87°/s | Z:   -6.42°/s
X:  -21.00°/s | Y: -104.00°/s | Z:   -4.74°/s
X:   10.06°/s | Y:  -79.49°/s | Z:   -2.47°/s
X:   -3.10°/s | Y: -129.71°/s | Z:   -4.95°/s
X:   -2.82°/s | Y:  -72.99°/s | Z:   -4.41°/s
X:  -11.86°/s | Y: -106.05°/s | Z:    7.89°/s
X:   -8.40°/s | Y:  -16.24°/s | Z:   -3.38°/s
X:   -2.45°/s | Y:   18.53°/s | Z:   -1.17°/s
X:    3.92°/s | Y:  110.14°/s | Z:  -23.01°/s
⚠️  ANOMALY #82: Δx=4.62, Δy=176.79, Δz=16.26
X:   26.42°/s | Y:  443.54°/s | Z:  -17.31°/s
⚠️  ANOMALY #83: Δx=6.19, Δy=174.49, Δz=13.77
⚠️  ANOMALY #84: Δx=0.53, Δy=101.78, Δz=29.03
X:   12.28°/s | Y:  163.99°/s | Z:   53.20°/s
X:   15.49°/s | Y:   81.97°/s | Z:    8.03°/s
X:   23.61°/s | Y:   28.81°/s | Z:    9.10°/s
X:   15.05°/s | Y:  -24.24°/s | Z:   -4.24°/s
⚠️  ANOMALY #85: Δx=24.55, Δy=100.29, Δz=1.10
X:  -51.64°/s | Y: -268.71°/s | Z:    4.62°/s
⚠️  ANOMALY #86: Δx=2.10, Δy=104.44, Δz=4.80
X:   -4.55°/s | Y:  -92.94°/s | Z:   -8.15°/s
X:   19.77°/s | Y:  113.71°/s | Z:   -9.27°/s
⚠️  ANOMALY #87: Δx=16.62, Δy=117.18, Δz=8.70
⚠️  ANOMALY #88: Δx=5.50, Δy=204.49, Δz=5.93
X:   62.21°/s | Y:  114.76°/s | Z:    1.73°/s
⚠️  ANOMALY #89: Δx=54.62, Δy=170.45, Δz=4.24
⚠️  ANOMALY #90: Δx=13.32, Δy=266.32, Δz=12.51
X:  -60.85°/s | Y:   77.79°/s | Z:   23.38°/s
⚠️  ANOMALY #91: Δx=71.54, Δy=181.46, Δz=11.13
X:  -17.43°/s | Y:  -83.82°/s | Z:    7.74°/s
⚠️  ANOMALY #92: Δx=35.70, Δy=103.97, Δz=11.27
⚠️  ANOMALY #93: Δx=26.35, Δy=274.19, Δz=21.94
X:   18.34°/s | Y:   39.36°/s | Z:  -51.01°/s
X:   25.57°/s | Y:  101.55°/s | Z:   -2.90°/s
X:  -61.71°/s | Y:  -75.78°/s | Z:   19.97°/s
⚠️  ANOMALY #94: Δx=73.94, Δy=190.75, Δz=25.24
X:   -0.88°/s | Y:   45.52°/s | Z:   -0.89°/s
X:    1.33°/s | Y:   27.72°/s | Z:    2.43°/s
X:    3.20°/s | Y:   31.20°/s | Z:   -0.70°/s
X:   57.21°/s | Y:  139.09°/s | Z:    9.45°/s
⚠️  ANOMALY #95: Δx=23.73, Δy=168.49, Δz=43.61
⚠️  ANOMALY #96: Δx=35.84, Δy=168.21, Δz=38.10
X:  -12.69°/s | Y:  174.95°/s | Z:   31.41°/s
⚠️  ANOMALY #97: Δx=10.38, Δy=190.07, Δz=21.46
X:  -83.04°/s | Y:   -3.80°/s | Z:   46.58°/s
⚠️  ANOMALY #98: Δx=10.48, Δy=198.50, Δz=46.53
⚠️  ANOMALY #99: Δx=24.66, Δy=185.59, Δz=23.24
X:  -42.77°/s | Y:   19.55°/s | Z:   25.97°/s
X:    1.92°/s | Y:   72.15°/s | Z:    2.45°/s
X:  -27.93°/s | Y:   -3.20°/s | Z:   -1.21°/s
X:   14.91°/s | Y:   20.84°/s | Z:   21.47°/s
X:  -17.10°/s | Y:  -47.65°/s | Z:   12.44°/s
X:   21.56°/s | Y:   47.15°/s | Z:  -28.59°/s
X:  -20.60°/s | Y: -122.89°/s | Z:  -53.88°/s
⚠️  ANOMALY #100: Δx=11.64, Δy=110.48, Δz=4.34
X:   -9.38°/s | Y:  -53.85°/s | Z: -121.56°/s
X:  -23.03°/s | Y:  -54.30°/s | Z:  -83.07°/s
X:    8.73°/s | Y:  -25.09°/s | Z:  -68.60°/s
X:   13.06°/s | Y:  -82.55°/s | Z:  -78.31°/s
X:   -4.80°/s | Y:  -52.38°/s | Z:  -54.58°/s
X:   22.45°/s | Y:  -83.67°/s | Z:   35.31°/s
X:    5.78°/s | Y:  -65.83°/s | Z:  -21.70°/s
X:   13.19°/s | Y:  -58.29°/s | Z:  -10.99°/s
X:    4.55°/s | Y:   -4.01°/s | Z:   15.96°/s
X:    5.18°/s | Y:   16.85°/s | Z:   15.70°/s
X:    4.60°/s | Y:   -0.88°/s | Z:    4.62°/s
X:    1.10°/s | Y:   -7.42°/s | Z:   -1.15°/s
X:    0.56°/s | Y:  -13.58°/s | Z:   -2.77°/s
X:    1.58°/s | Y:   -2.73°/s | Z:   -4.30°/s
X:    1.49°/s | Y:   -3.67°/s | Z:   -0.44°/s
X:    2.13°/s | Y:    0.33°/s | Z:    0.37°/s
X:   -0.44°/s | Y:   -7.30°/s | Z:   -4.67°/s
X:   -2.82°/s | Y:    2.01°/s | Z:   -1.64°/s
X:    0.84°/s | Y:   13.86°/s | Z:    8.99°/s
X:    4.29°/s | Y:   14.18°/s | Z:    3.57°/s
X:    2.82°/s | Y:    0.65°/s | Z:   -1.63°/s
X:    0.00°/s | Y:    2.01°/s | Z:   -0.05°/s
X:    3.90°/s | Y:    8.75°/s | Z:    4.11°/s
X:   -0.35°/s | Y:    5.20°/s | Z:   -0.93°/s
X:    2.52°/s | Y:    5.11°/s | Z:   -1.26°/s
X:    0.37°/s | Y:    4.72°/s | Z:   -0.21°/s
X:    4.20°/s | Y:   -0.89°/s | Z:    1.24°/s
X:   -0.16°/s | Y:   23.31°/s | Z:    8.96°/s
X:   43.63°/s | Y:  262.13°/s | Z:   48.88°/s
⚠️  ANOMALY #101: Δx=25.32, Δy=128.57, Δz=12.39
X:   -8.63°/s | Y: -125.39°/s | Z:  -15.35°/s
⚠️  ANOMALY #102: Δx=8.01, Δy=294.24, Δz=32.46
⚠️  ANOMALY #103: Δx=76.35, Δy=302.56, Δz=2.45
X:   42.19°/s | Y:  322.14°/s | Z:   31.85°/s
⚠️  ANOMALY #104: Δx=46.08, Δy=174.88, Δz=3.90
⚠️  ANOMALY #105: Δx=89.65, Δy=441.93, Δz=9.66
⚠️  ANOMALY #106: Δx=38.89, Δy=269.92, Δz=22.36
X:  -60.71°/s | Y: -252.21°/s | Z:    5.14°/s
⚠️  ANOMALY #107: Δx=2.87, Δy=135.19, Δz=7.53
⚠️  ANOMALY #108: Δx=68.04, Δy=264.27, Δz=0.42
⚠️  ANOMALY #109: Δx=53.73, Δy=209.35, Δz=14.93
X:   11.94°/s | Y:  -78.50°/s | Z:   -3.18°/s
⚠️  ANOMALY #110: Δx=53.01, Δy=191.96, Δz=15.38
X:   53.51°/s | Y:  120.42°/s | Z:   14.12°/s
⚠️  ANOMALY #111: Δx=47.76, Δy=185.54, Δz=13.76
X:  -11.29°/s | Y:  -54.25°/s | Z:  -32.29°/s
X:   10.81°/s | Y:   18.78°/s | Z:   19.28°/s
⚠️  ANOMALY #112: Δx=44.68, Δy=105.21, Δz=7.95
X:  -52.96°/s | Y: -186.65°/s | Z:  -18.44°/s
X:  -21.26°/s | Y: -169.47°/s | Z:  -12.43°/s
X:   -2.57°/s | Y:  -42.93°/s | Z:   -1.42°/s
X:    3.06°/s | Y:  -33.41°/s | Z:   -2.17°/s
X:   -1.50°/s | Y:  -28.14°/s | Z:    0.02°/s
X:    3.06°/s | Y:   -9.08°/s | Z:    2.12°/s
X:    2.20°/s | Y:   -3.80°/s | Z:    1.03°/s
X:    8.12°/s | Y:  -19.64°/s | Z:   -0.42°/s
X:    0.04°/s | Y:   -9.43°/s | Z:   -3.92°/s
X:    0.07°/s | Y:  -18.08°/s | Z:    0.12°/s
X:    1.35°/s | Y:   -9.73°/s | Z:   -0.14°/s
X:    2.19°/s | Y:  -10.47°/s | Z:   -0.21°/s
X:    2.13°/s | Y:   -5.32°/s | Z:   -1.09°/s
X:    0.72°/s | Y:   -3.22°/s | Z:   -1.89°/s
X:    1.05°/s | Y:   -2.19°/s | Z:   -0.54°/s
X:    3.50°/s | Y:    1.10°/s | Z:    1.31°/s
X:   -0.68°/s | Y:   -5.48°/s | Z:   -1.14°/s
X:    1.28°/s | Y:   -1.86°/s | Z:   -1.33°/s
X:    0.40°/s | Y:    2.22°/s | Z:   -2.61°/s
X:   -1.49°/s | Y:    1.73°/s | Z:   -0.98°/s
X:    2.54°/s | Y:   -1.45°/s | Z:    0.94°/s
X:    3.05°/s | Y:   -3.43°/s | Z:    0.47°/s
X:    0.58°/s | Y:   -4.36°/s | Z:    0.09°/s
X:    1.63°/s | Y:    0.17°/s | Z:   -0.58°/s
X:   -1.07°/s | Y:   -1.01°/s | Z:   -0.17°/s
X:   67.60°/s | Y:  123.38°/s | Z:    1.26°/s
X:  -12.20°/s | Y:  -25.11°/s | Z:   -3.67°/s
X:    7.79°/s | Y:   42.17°/s | Z:   -0.17°/s
X:   -4.16°/s | Y:    9.68°/s | Z:   -0.42°/s
X:   15.03°/s | Y:   56.53°/s | Z:    3.12°/s
X:   43.47°/s | Y:  214.87°/s | Z:   -7.11°/s
X:    5.28°/s | Y:   81.08°/s | Z:   13.37°/s
X:   -3.45°/s | Y:   40.92°/s | Z:   -0.30°/s
X:    3.48°/s | Y:   27.61°/s | Z:    3.27°/s
⚠️  ANOMALY #113: Δx=33.46, Δy=146.54, Δz=15.84
⚠️  ANOMALY #114: Δx=35.67, Δy=232.35, Δz=8.73
⚠️  ANOMALY #115: Δx=57.05, Δy=161.84, Δz=36.36
X: -126.68°/s | Y: -573.16°/s | Z:   10.45°/s
⚠️  ANOMALY #116: Δx=55.44, Δy=390.23, Δz=6.88
⚠️  ANOMALY #117: Δx=49.89, Δy=223.79, Δz=105.54
X:   17.38°/s | Y:   61.85°/s | Z:  -61.76°/s
X:  -10.59°/s | Y:  -18.64°/s | Z:   -5.02°/s
X:   -0.67°/s | Y:   -3.57°/s | Z:    4.81°/s
X:    3.62°/s | Y:    0.89°/s | Z:   -1.68°/s
X:   26.35°/s | Y:  112.54°/s | Z:   -5.18°/s
X:   70.53°/s | Y:  177.90°/s | Z:    9.08°/s
X:   -2.22°/s | Y:  201.06°/s | Z:  -20.56°/s
⚠️  ANOMALY #118: Δx=20.58, Δy=115.83, Δz=6.72
X:   -4.32°/s | Y:  197.10°/s | Z:   18.20°/s
X:   12.48°/s | Y:   55.30°/s | Z:    1.87°/s
X:    0.23°/s | Y:   46.08°/s | Z:    8.10°/s
X:   -2.35°/s | Y:   25.09°/s | Z:    6.98°/s
X:   -5.13°/s | Y:  -22.42°/s | Z:   -5.07°/s
X:   -4.50°/s | Y:  -70.30°/s | Z:  -11.78°/s
X:   -6.34°/s | Y:  -82.21°/s | Z:   -6.46°/s
X:   -4.50°/s | Y:  -61.99°/s | Z:   -4.66°/s
X:  -14.54°/s | Y: -140.74°/s | Z:   -1.43°/s
X:   -3.26°/s | Y:  -72.33°/s | Z:   -1.19°/s
X:   -3.31°/s | Y:  -39.90°/s | Z:    0.21°/s
X:  -18.09°/s | Y:  -92.91°/s | Z:    6.28°/s
X:   -2.85°/s | Y:  -43.21°/s | Z:    3.10°/s
X:  -10.43°/s | Y:  -72.56°/s | Z:    8.80°/s
X:   -0.94°/s | Y:  -48.14°/s | Z:    0.70°/s
X:   -5.36°/s | Y:  -54.11°/s | Z:    3.05°/s
X:   -0.67°/s | Y:  -36.77°/s | Z:   -2.43°/s
X:   -0.56°/s | Y:    3.33°/s | Z:    3.03°/s
⚠️  ANOMALY #119: Δx=47.37, Δy=218.12, Δz=8.54
⚠️  ANOMALY #120: Δx=72.90, Δy=204.03, Δz=17.38
X:  155.71°/s | Y:  573.16°/s | Z:   17.48°/s
⚠️  ANOMALY #121: Δx=62.65, Δy=110.86, Δz=6.18
⚠️  ANOMALY #122: Δx=57.75, Δy=608.30, Δz=4.74
X:  -49.14°/s | Y: -146.00°/s | Z:  -10.53°/s
⚠️  ANOMALY #123: Δx=24.92, Δy=196.93, Δz=7.60
X:   31.59°/s | Y:  -16.92°/s | Z:   -7.66°/s
⚠️  ANOMALY #124: Δx=26.70, Δy=129.68, Δz=4.01
⚠️  ANOMALY #125: Δx=28.77, Δy=120.86, Δz=0.63
⚠️  ANOMALY #126: Δx=7.02, Δy=106.28, Δz=3.15
X:  -44.57°/s | Y: -386.98°/s | Z:   -1.23°/s
⚠️  ANOMALY #127: Δx=21.38, Δy=186.18, Δz=1.58

📊 System Stats (every 1000 process_data calls / ~2.5s):
  Process Data Avg: 40.486μs (1000 calls)
  Read Sensor Avg: 16.208μs (1000 calls)
  Total Time: 6523.819μs
  Anomalies: 127
  CPU Usage: 0.26%
──────────────────────────────────────
⚠️  ANOMALY #128: Δx=20.60, Δy=416.69, Δz=34.97
X:  -81.76°/s | Y: -156.47°/s | Z:   45.57°/s
⚠️  ANOMALY #129: Δx=45.73, Δy=185.04, Δz=85.51
X:   13.88°/s | Y:  -31.31°/s | Z:    8.65°/s
X:   -9.69°/s | Y:   -6.46°/s | Z:   -0.30°/s
X:    0.91°/s | Y:   -5.51°/s | Z:   -6.00°/s
X:   -4.18°/s | Y:   -3.03°/s | Z:   -2.89°/s
X:   -1.92°/s | Y:    4.08°/s | Z:   -3.57°/s
X:    1.01°/s | Y:   15.75°/s | Z:    0.84°/s
X:   -5.43°/s | Y:   73.41°/s | Z:    1.86°/s
X:  -10.89°/s | Y:  170.59°/s | Z:  -29.84°/s
X:  -27.65°/s | Y:   90.00°/s | Z: -146.84°/s
⚠️  ANOMALY #130: Δx=21.14, Δy=16.15, Δz=129.64
X:  -46.95°/s | Y:  -32.97°/s | Z: -392.21°/s
X:  -65.57°/s | Y:   18.18°/s | Z: -226.62°/s
⚠️  ANOMALY #131: Δx=36.07, Δy=113.58, Δz=48.37
X:   75.29°/s | Y:  -39.90°/s | Z:  -54.58°/s
X:   88.04°/s | Y:  -39.76°/s | Z:  -88.57°/s
⚠️  ANOMALY #132: Δx=63.63, Δy=150.15, Δz=6.63
⚠️  ANOMALY #133: Δx=15.73, Δy=174.23, Δz=24.94
X:   33.81°/s | Y:    5.86°/s | Z:  -27.23°/s
X:   62.49°/s | Y:  -22.03°/s | Z:   34.81°/s
X:   32.57°/s | Y: -114.62°/s | Z:   41.04°/s
⚠️  ANOMALY #134: Δx=35.47, Δy=30.07, Δz=129.20
⚠️  ANOMALY #135: Δx=84.77, Δy=135.10, Δz=95.15
X:   13.49°/s | Y:   -1.09°/s | Z:  -10.08°/s
X:    2.73°/s | Y:    8.57°/s | Z:   -7.11°/s
X:   -5.49°/s | Y:   -8.91°/s | Z:    3.46°/s
X:   -3.27°/s | Y:   -2.52°/s | Z:    2.85°/s
X:   -0.94°/s | Y:   -0.89°/s | Z:    0.35°/s
X:    0.28°/s | Y:    1.35°/s | Z:   -1.09°/s
X:   -0.21°/s | Y:    0.88°/s | Z:   -0.79°/s
X:   -0.51°/s | Y:    0.67°/s | Z:   -0.30°/s
X:   -0.68°/s | Y:    0.65°/s | Z:   -0.33°/s
X:   -0.04°/s | Y:    0.65°/s | Z:   -0.58°/s
X:   -0.60°/s | Y:    0.23°/s | Z:    0.02°/s
X:   -0.81°/s | Y:    0.07°/s | Z:   -1.21°/s
X:   -0.56°/s | Y:    0.17°/s | Z:   -0.61°/s
X:    0.00°/s | Y:    0.26°/s | Z:   -0.67°/s
X:   -0.56°/s | Y:    0.49°/s | Z:   -0.40°/s
X:   -0.35°/s | Y:    0.16°/s | Z:   -0.54°/s
X:   -0.60°/s | Y:    0.40°/s | Z:   -0.52°/s
X:   -0.30°/s | Y:    0.00°/s | Z:   -0.51°/s
X:   -0.21°/s | Y:    0.07°/s | Z:   -0.30°/s
X:   -0.21°/s | Y:    0.37°/s | Z:   -0.12°/s
X:   -0.49°/s | Y:    0.52°/s | Z:   -0.52°/s
X:    0.12°/s | Y:    0.21°/s | Z:   -0.19°/s
X:   -0.44°/s | Y:    0.38°/s | Z:   -0.19°/s
X:   -0.46°/s | Y:    0.26°/s | Z:   -0.05°/s
X:   -0.38°/s | Y:    0.47°/s | Z:   -0.31°/s
X:   -0.23°/s | Y:   -0.07°/s | Z:   -0.89°/s
X:   -0.38°/s | Y:    0.65°/s | Z:   -0.91°/s
X:   -0.44°/s | Y:    0.68°/s | Z:   -0.46°/s
X:   -0.04°/s | Y:    0.14°/s | Z:   -0.86°/s
X:   -0.38°/s | Y:    0.14°/s | Z:   -0.17°/s
X:    0.00°/s | Y:    0.65°/s | Z:   -0.60°/s
X:   -0.25°/s | Y:    0.19°/s | Z:   -0.10°/s
X:   -0.21°/s | Y:    0.54°/s | Z:   -0.16°/s
X:   -0.30°/s | Y:    0.40°/s | Z:   -0.44°/s
X:   -0.42°/s | Y:    0.07°/s | Z:   -0.25°/s
X:   -0.52°/s | Y:    0.26°/s | Z:   -0.37°/s
X:   -0.25°/s | Y:    0.14°/s | Z:   -0.60°/s
X:    0.10°/s | Y:    0.12°/s | Z:   -0.61°/s
X:   -0.25°/s | Y:    0.09°/s | Z:   -0.63°/s
X:   -0.26°/s | Y:    0.72°/s | Z:   -0.68°/s
X:   -0.49°/s | Y:    0.09°/s | Z:   -0.70°/s
X:   -0.05°/s | Y:    0.17°/s | Z:   -0.47°/s
X:   -0.25°/s | Y:    0.19°/s | Z:   -0.74°/s
X:   -0.40°/s | Y:    0.23°/s | Z:   -0.89°/s
X:   -0.21°/s | Y:    0.37°/s | Z:   -0.93°/s
X:   -0.16°/s | Y:    0.52°/s | Z:   -0.46°/s
X:   -0.38°/s | Y:    0.31°/s | Z:   -0.93°/s
X:   -0.65°/s | Y:    0.28°/s | Z:   -0.25°/s
X:   -0.46°/s | Y:   -0.02°/s | Z:   -0.49°/s
X:   -0.26°/s | Y:    0.10°/s | Z:   -0.44°/s
X:   -0.09°/s | Y:    0.30°/s | Z:   -0.63°/s
X:   -0.16°/s | Y:    0.70°/s | Z:   -0.67°/s
X:   -0.30°/s | Y:   -0.09°/s | Z:   -0.63°/s
X:   -0.19°/s | Y:    0.05°/s | Z:   -0.31°/s
X:   -0.52°/s | Y:    0.37°/s | Z:   -0.51°/s
X:   -0.79°/s | Y:    0.38°/s | Z:   -0.17°/s
X:   -0.75°/s | Y:    0.52°/s | Z:   -0.07°/s
X:   -0.19°/s | Y:    0.38°/s | Z:    0.07°/s
X:   -0.37°/s | Y:    0.37°/s | Z:   -0.35°/s
X:   -0.09°/s | Y:   -0.17°/s | Z:   -0.51°/s
X:   -0.44°/s | Y:    0.05°/s | Z:   -0.14°/s
X:   -0.33°/s | Y:    0.19°/s | Z:   -0.74°/s
X:    0.04°/s | Y:    0.14°/s | Z:   -0.58°/s
X:    0.00°/s | Y:    0.12°/s | Z:   -0.28°/s
X:   -0.04°/s | Y:   -0.04°/s | Z:    0.23°/s
X:   -0.44°/s | Y:    0.25°/s | Z:   -0.74°/s
X:   -0.12°/s | Y:    0.30°/s | Z:   -0.74°/s
X:   -0.09°/s | Y:    0.42°/s | Z:   -0.51°/s
X:   -0.26°/s | Y:    0.14°/s | Z:   -0.26°/s
X:    0.04°/s | Y:    0.52°/s | Z:   -0.84°/s
X:   -0.26°/s | Y:    0.52°/s | Z:   -0.10°/s
X:   -0.31°/s | Y:    0.09°/s | Z:   -0.75°/s
X:   -0.09°/s | Y:    0.30°/s | Z:    0.02°/s
X:   -0.46°/s | Y:    0.00°/s | Z:   -0.54°/s
X:   -0.12°/s | Y:   -0.04°/s | Z:    0.04°/s
X:   -0.65°/s | Y:    0.25°/s | Z:   -0.46°/s
X:   -0.35°/s | Y:    0.35°/s | Z:    0.35°/s
X:   -0.17°/s | Y:    0.47°/s | Z:   -0.46°/s
X:   -0.28°/s | Y:    0.44°/s | Z:   -0.52°/s
X:   -0.54°/s | Y:    0.67°/s | Z:   -0.70°/s
X:   -0.25°/s | Y:    0.09°/s | Z:   -0.31°/s
X:   -0.35°/s | Y:    0.46°/s | Z:   -0.72°/s
X:   -0.40°/s | Y:    0.37°/s | Z:   -1.01°/s
X:   -0.17°/s | Y:    0.54°/s | Z:   -0.54°/s
X:   -0.10°/s | Y:    0.30°/s | Z:   -0.25°/s
X:   -0.14°/s | Y:    0.30°/s | Z:   -0.04°/s
X:   -0.54°/s | Y:    0.12°/s | Z:    0.05°/s
X:   -0.04°/s | Y:    0.67°/s | Z:   -0.19°/s
X:   -0.46°/s | Y:    0.61°/s | Z:   -0.44°/s
X:   -0.37°/s | Y:    0.77°/s | Z:   -0.65°/s
X:   -0.28°/s | Y:    0.58°/s | Z:   -0.33°/s
X:   -0.07°/s | Y:    0.74°/s | Z:   -0.56°/s
X:   -0.42°/s | Y:    0.77°/s | Z:   -0.54°/s
X:   -0.54°/s | Y:   -0.23°/s | Z:    0.00°/s
X:   -0.38°/s | Y:    0.19°/s | Z:   -0.68°/s
X:   -0.02°/s | Y:    0.07°/s | Z:    0.00°/s
X:   -0.31°/s | Y:    0.37°/s | Z:   -0.07°/s
X:   12.41°/s | Y:  -27.35°/s | Z:  -32.22°/s
X:   -0.46°/s | Y:    1.68°/s | Z:   -1.03°/s
X:   -0.16°/s | Y:    4.11°/s | Z:   -2.66°/s
X:   -2.15°/s | Y:    6.51°/s | Z:   -5.53°/s
⚠️  ANOMALY #136: Δx=37.50, Δy=123.08, Δz=24.17
X:  -47.69°/s | Y:  168.28°/s | Z:   11.55°/s
⚠️  ANOMALY #137: Δx=61.76, Δy=178.62, Δz=35.77
⚠️  ANOMALY #138: Δx=39.38, Δy=305.06, Δz=29.23
X: -242.18°/s | Y:   -6.02°/s | Z:   -5.39°/s
X:  -73.45°/s | Y:   53.34°/s | Z:    0.70°/s
X:    6.32°/s | Y:   41.30°/s | Z:    1.33°/s
X:  -25.60°/s | Y:    1.12°/s | Z:   -1.00°/s
X:   84.28°/s | Y:  -19.57°/s | Z:   -7.54°/s
X:  146.02°/s | Y:   11.90°/s | Z:  -37.96°/s
X:   70.30°/s | Y:   16.80°/s | Z:   -7.11°/s
X:  132.04°/s | Y:   15.35°/s | Z:  -32.78°/s
X:  -28.40°/s | Y:   14.28°/s | Z:   37.50°/s
X:   29.35°/s | Y:  -63.40°/s | Z:   12.39°/s
⚠️  ANOMALY #139: Δx=76.91, Δy=243.97, Δz=0.61
⚠️  ANOMALY #140: Δx=3.87, Δy=207.67, Δz=6.32
X:  -46.44°/s | Y:  -40.39°/s | Z:   22.87°/s
⚠️  ANOMALY #141: Δx=30.78, Δy=131.21, Δz=14.31
⚠️  ANOMALY #142: Δx=49.98, Δy=150.60, Δz=11.34
X: -234.97°/s | Y:   29.75°/s | Z:  -23.26°/s
X: -155.09°/s | Y:  -23.47°/s | Z:  -27.48°/s
X:   42.24°/s | Y:   89.46°/s | Z:  116.69°/s
X:  -59.97°/s | Y:   97.75°/s | Z:  131.69°/s
X: -146.30°/s | Y:  -59.64°/s | Z:   61.97°/s
X:  -24.29°/s | Y:   53.39°/s | Z:  178.99°/s
X:  -30.00°/s | Y:   22.98°/s | Z:   84.74°/s
X:  -89.58°/s | Y:   45.04°/s | Z:  153.28°/s
⚠️  ANOMALY #143: Δx=53.01, Δy=58.24, Δz=114.97
X:   28.65°/s | Y: -118.16°/s | Z:  -83.47°/s
⚠️  ANOMALY #144: Δx=85.24, Δy=0.05, Δz=103.60
⚠️  ANOMALY #145: Δx=7.61, Δy=143.97, Δz=42.05
X:  185.85°/s | Y: -284.88°/s | Z: -283.89°/s
⚠️  ANOMALY #146: Δx=17.73, Δy=134.66, Δz=18.39
⚠️  ANOMALY #147: Δx=11.88, Δy=105.17, Δz=27.47
X:  149.49°/s | Y: -101.38°/s | Z: -194.18°/s
X:   63.46°/s | Y:   44.13°/s | Z:  -40.63°/s
X:  -65.54°/s | Y:    3.08°/s | Z:  -87.85°/s
X:  -32.36°/s | Y:  -32.69°/s | Z: -110.79°/s
X:   41.09°/s | Y:  -30.76°/s | Z: -112.79°/s
X:   57.28°/s | Y:  -22.35°/s | Z:  -18.97°/s
X:  -23.99°/s | Y:   -8.78°/s | Z:   -3.94°/s
X:  135.50°/s | Y:  122.22°/s | Z: -120.50°/s
⚠️  ANOMALY #148: Δx=103.71, Δy=44.33, Δz=44.03
⚠️  ANOMALY #149: Δx=53.51, Δy=168.79, Δz=103.39
⚠️  ANOMALY #150: Δx=142.66, Δy=8.02, Δz=4.34
X:   23.40°/s | Y:  -65.21°/s | Z:   83.33°/s
⚠️  ANOMALY #151: Δx=22.03, Δy=103.53, Δz=22.42
X:  -30.26°/s | Y:   10.13°/s | Z:   62.93°/s
X:   -0.77°/s | Y:    0.98°/s | Z:   -0.19°/s
X:   -1.07°/s | Y:    0.30°/s | Z:   -0.30°/s
X:   -0.26°/s | Y:    0.56°/s | Z:   -0.26°/s
X:   -0.38°/s | Y:    0.14°/s | Z:   -0.26°/s
X:   -0.47°/s | Y:    0.74°/s | Z:   -0.21°/s
X:   -0.54°/s | Y:    0.05°/s | Z:   -0.17°/s
X:   -0.47°/s | Y:    0.86°/s | Z:   -0.74°/s
X:   -0.28°/s | Y:   -0.30°/s | Z:   -0.42°/s
X:   -0.23°/s | Y:    0.49°/s | Z:   -0.51°/s
X:   -0.16°/s | Y:    0.16°/s | Z:   -0.04°/s
X:   -0.19°/s | Y:    0.63°/s | Z:   -0.60°/s
X:   -0.19°/s | Y:    0.23°/s | Z:   -0.28°/s
X:   -0.60°/s | Y:    0.28°/s | Z:   -0.65°/s
X:   -0.21°/s | Y:    0.35°/s | Z:   -1.15°/s
X:   -0.26°/s | Y:    0.42°/s | Z:   -0.72°/s
X:   -0.56°/s | Y:    0.42°/s | Z:   -0.10°/s
X:   -0.49°/s | Y:    0.38°/s | Z:   -0.63°/s
X:   -0.54°/s | Y:    0.49°/s | Z:   -0.65°/s
X:   -0.28°/s | Y:    0.14°/s | Z:   -0.67°/s
X:   -0.31°/s | Y:    0.30°/s | Z:   -0.21°/s
X:   -0.07°/s | Y:    0.05°/s | Z:   -0.17°/s
X:   -0.49°/s | Y:    0.37°/s | Z:   -0.93°/s
X:   -0.17°/s | Y:    0.81°/s | Z:   -0.47°/s
X:   -0.23°/s | Y:    0.26°/s | Z:   -0.07°/s
X:   -0.07°/s | Y:    0.19°/s | Z:   -0.30°/s
X:   -0.31°/s | Y:    0.26°/s | Z:   -0.35°/s
X:   -0.25°/s | Y:    0.09°/s | Z:   -0.38°/s
X:   -0.31°/s | Y:    0.52°/s | Z:   -0.38°/s
X:   -0.07°/s | Y:    0.10°/s | Z:   -0.82°/s
X:   -0.33°/s | Y:    0.10°/s | Z:   -0.98°/s
X:   -0.33°/s | Y:    0.23°/s | Z:   -0.67°/s
X:   -0.40°/s | Y:   -0.04°/s | Z:   -0.40°/s
X:   -0.31°/s | Y:    0.28°/s | Z:   -0.16°/s
X:    0.02°/s | Y:    0.37°/s | Z:   -0.65°/s
X:   -0.21°/s | Y:    0.25°/s | Z:   -0.16°/s
X:   -0.72°/s | Y:    0.51°/s | Z:   -0.98°/s
X:   -0.23°/s | Y:    0.37°/s | Z:   -0.86°/s
X:   -0.12°/s | Y:    0.16°/s | Z:   -0.30°/s
X:   -0.33°/s | Y:    0.33°/s | Z:   -0.98°/s
X:    0.61°/s | Y:    0.16°/s | Z:    0.12°/s
X:   -0.46°/s | Y:    0.58°/s | Z:   -0.10°/s
X:   -0.12°/s | Y:    0.35°/s | Z:   -0.21°/s
X:   -0.17°/s | Y:    0.10°/s | Z:   -0.38°/s
X:   -0.21°/s | Y:    0.17°/s | Z:   -0.23°/s
X:   -0.47°/s | Y:    0.51°/s | Z:   -0.49°/s
X:   -0.12°/s | Y:   -0.12°/s | Z:   -0.77°/s
X:   -0.26°/s | Y:    0.49°/s | Z:   -0.12°/s
X:   -0.37°/s | Y:    0.52°/s | Z:   -0.54°/s
X:   -0.42°/s | Y:    0.25°/s | Z:   -0.25°/s
X:   -0.42°/s | Y:   -0.02°/s | Z:   -0.86°/s
X:    0.16°/s | Y:    0.35°/s | Z:   -0.28°/s
X:   -0.26°/s | Y:    0.70°/s | Z:   -0.82°/s
X:    0.00°/s | Y:    0.42°/s | Z:   -0.23°/s
X:   -0.31°/s | Y:    0.40°/s | Z:    0.07°/s
X:   -0.58°/s | Y:    0.09°/s | Z:   -0.19°/s
X:   -0.21°/s | Y:    0.56°/s | Z:   -0.21°/s
X:   -0.09°/s | Y:    0.26°/s | Z:   -0.26°/s
X:   -0.42°/s | Y:    0.26°/s | Z:   -0.09°/s
X:   -0.42°/s | Y:    0.33°/s | Z:   -0.46°/s
X:   -0.49°/s | Y:    0.37°/s | Z:   -0.94°/s
X:    0.00°/s | Y:    0.60°/s | Z:   -0.38°/s
X:   -1.07°/s | Y:    0.16°/s | Z:   -0.26°/s
X:   -0.38°/s | Y:    0.05°/s | Z:   -0.84°/s
X:   -0.42°/s | Y:    0.35°/s | Z:   -0.89°/s
X:   -0.14°/s | Y:    0.31°/s | Z:   -0.33°/s
X:    0.09°/s | Y:    1.15°/s | Z:   -1.05°/s
X:   -0.17°/s | Y:   -0.21°/s | Z:   -0.60°/s
X:   -0.21°/s | Y:    0.14°/s | Z:    0.07°/s
X:   -0.44°/s | Y:    0.25°/s | Z:   -0.16°/s
X:   -0.61°/s | Y:    0.52°/s | Z:   -0.02°/s
X:    0.00°/s | Y:    0.38°/s | Z:   -0.74°/s
X:   -0.49°/s | Y:    0.19°/s | Z:   -0.63°/s
X:   -0.44°/s | Y:   -0.04°/s | Z:   -0.65°/s
X:   -0.40°/s | Y:    0.56°/s | Z:   -0.47°/s
X:   -0.09°/s | Y:    0.19°/s | Z:   -0.77°/s
X:   -0.14°/s | Y:    0.42°/s | Z:   -0.63°/s
X:    0.02°/s | Y:    0.37°/s | Z:   -0.40°/s
X:   -0.02°/s | Y:    0.00°/s | Z:   -0.33°/s
X:   -0.31°/s | Y:    0.58°/s | Z:   -0.12°/s
X:   -0.37°/s | Y:    0.26°/s | Z:   -0.56°/s
X:   -0.14°/s | Y:    0.49°/s | Z:   -0.25°/s
X:   -0.35°/s | Y:    0.21°/s | Z:   -0.61°/s
X:   -0.42°/s | Y:    0.30°/s | Z:   -0.68°/s
X:   -0.37°/s | Y:    0.44°/s | Z:    0.31°/s
X:   -0.51°/s | Y:    0.46°/s | Z:   -0.61°/s
X:   -0.17°/s | Y:    0.44°/s | Z:   -0.21°/s
X:   -0.31°/s | Y:    0.25°/s | Z:   -0.68°/s
X:   -0.10°/s | Y:    0.42°/s | Z:   -0.47°/s
X:   -0.23°/s | Y:    0.56°/s | Z:   -0.16°/s
X:   -0.14°/s | Y:    0.26°/s | Z:   -0.88°/s
X:   -0.09°/s | Y:    0.25°/s | Z:   -0.31°/s
X:   -0.33°/s | Y:    0.05°/s | Z:   -0.58°/s
X:   -0.09°/s | Y:    0.10°/s | Z:   -0.07°/s
X:   -0.07°/s | Y:    0.16°/s | Z:   -0.75°/s
X:   -0.77°/s | Y:    0.10°/s | Z:   -0.28°/s
X:   -0.14°/s | Y:    0.14°/s | Z:   -0.67°/s
X:   -0.56°/s | Y:   -0.02°/s | Z:    0.14°/s
X:    0.14°/s | Y:    0.61°/s | Z:   -0.49°/s
X:   -0.19°/s | Y:    0.07°/s | Z:   -0.89°/s
X:   -0.37°/s | Y:    0.58°/s | Z:   -0.07°/s

📊 System Stats (every 1000 process_data calls / ~2.5s):
  Process Data Avg: 29.083μs (1000 calls)
  Read Sensor Avg: 16.208μs (1000 calls)
  Total Time: 6512.417μs
  Anomalies: 151
  CPU Usage: 0.26%
──────────────────────────────────────
X:    0.28°/s | Y:    0.33°/s | Z:   -0.04°/s
X:   -0.10°/s | Y:    0.54°/s | Z:   -0.61°/s
X:    0.07°/s | Y:   -0.17°/s | Z:   -0.98°/s
X:   -0.81°/s | Y:    0.12°/s | Z:   -0.23°/s
X:    0.07°/s | Y:    0.09°/s | Z:   -0.21°/s
X:   -0.17°/s | Y:    0.47°/s | Z:   -0.30°/s
X:   -0.33°/s | Y:    0.05°/s | Z:   -0.37°/s
X:   -0.21°/s | Y:    0.33°/s | Z:   -0.74°/s
X:   -0.35°/s | Y:    0.17°/s | Z:   -0.35°/s
X:    0.04°/s | Y:    0.60°/s | Z:   -0.21°/s
X:    0.00°/s | Y:    0.17°/s | Z:   -0.67°/s
X:   -0.47°/s | Y:    0.02°/s | Z:   -0.38°/s
X:   -0.40°/s | Y:    0.38°/s | Z:   -0.26°/s
X:   -0.07°/s | Y:    0.09°/s | Z:   -0.31°/s
X:   -0.37°/s | Y:    0.70°/s | Z:   -0.93°/s
X:   -0.14°/s | Y:   -0.28°/s | Z:    0.12°/s
X:   -0.09°/s | Y:    0.61°/s | Z:   -0.70°/s
X:    0.07°/s | Y:   -0.28°/s | Z:   -0.31°/s
X:   -0.16°/s | Y:    0.63°/s | Z:   -0.91°/s
X:   -0.40°/s | Y:    0.16°/s | Z:   -0.30°/s
X:   -0.74°/s | Y:    0.49°/s | Z:   -0.68°/s
X:   -0.46°/s | Y:    0.09°/s | Z:   -0.37°/s
X:   -0.60°/s | Y:    0.30°/s | Z:    0.02°/s
X:   -0.17°/s | Y:    0.30°/s | Z:   -0.82°/s
X:   -0.65°/s | Y:    0.51°/s | Z:   -0.19°/s
X:   -0.28°/s | Y:    0.51°/s | Z:   -0.77°/s
X:   -0.16°/s | Y:   -0.07°/s | Z:   -0.88°/s
X:   -0.54°/s | Y:   -0.02°/s | Z:   -0.14°/s
X:    0.04°/s | Y:    0.28°/s | Z:   -0.60°/s
X:   -0.68°/s | Y:    0.02°/s | Z:   -0.17°/s
X:   -0.17°/s | Y:    0.14°/s | Z:   -0.82°/s
X:   -0.31°/s | Y:    0.30°/s | Z:   -0.46°/s
X:   -0.37°/s | Y:    0.05°/s | Z:   -0.25°/s
X:   -0.46°/s | Y:    0.12°/s | Z:   -0.54°/s
X:   -0.38°/s | Y:    0.10°/s | Z:   -0.21°/s
X:   -0.54°/s | Y:    0.07°/s | Z:   -0.77°/s
X:   -0.09°/s | Y:   -0.10°/s | Z:   -0.98°/s
X:   -0.44°/s | Y:    0.37°/s | Z:   -0.75°/s
X:   -0.42°/s | Y:    0.17°/s | Z:   -0.51°/s
X:    0.02°/s | Y:    0.31°/s | Z:    0.14°/s
X:   -0.10°/s | Y:    0.17°/s | Z:   -0.44°/s
X:   -0.61°/s | Y:    0.46°/s | Z:   -0.04°/s
X:    0.09°/s | Y:   -0.09°/s | Z:   -0.21°/s
X:   -0.44°/s | Y:    0.75°/s | Z:   -0.21°/s
X:   -0.21°/s | Y:    0.46°/s | Z:   -0.21°/s
X:   -0.47°/s | Y:    0.05°/s | Z:   -0.05°/s
X:    0.07°/s | Y:    0.65°/s | Z:   -0.70°/s
X:   -0.60°/s | Y:    0.47°/s | Z:    0.04°/s
X:    0.14°/s | Y:    0.35°/s | Z:   -0.46°/s
X:   -0.17°/s | Y:    0.00°/s | Z:   -0.26°/s
X:   -0.30°/s | Y:    0.37°/s | Z:   -0.52°/s
X:   -0.26°/s | Y:   -0.14°/s | Z:   -0.54°/s
X:    0.46°/s | Y:    0.49°/s | Z:   -0.49°/s
X:   -0.35°/s | Y:    0.52°/s | Z:   -0.52°/s
X:   -0.37°/s | Y:    0.58°/s | Z:   -0.58°/s
X:   -0.26°/s | Y:   -0.26°/s | Z:   -0.75°/s
X:   -0.52°/s | Y:    0.23°/s | Z:   -0.49°/s
X:   -0.28°/s | Y:    0.37°/s | Z:   -0.12°/s
X:   -0.42°/s | Y:    0.46°/s | Z:   -0.37°/s
X:   -0.42°/s | Y:    0.17°/s | Z:   -0.33°/s
X:   -0.68°/s | Y:    0.21°/s | Z:   -0.51°/s
X:   -0.02°/s | Y:    0.31°/s | Z:   -0.94°/s
X:   -0.60°/s | Y:    0.52°/s | Z:   -0.82°/s
X:   -0.49°/s | Y:    0.25°/s | Z:   -0.58°/s
X:   -0.05°/s | Y:    0.04°/s | Z:   -0.75°/s
X:   -0.17°/s | Y:    0.81°/s | Z:    0.23°/s
X:   -0.25°/s | Y:    0.42°/s | Z:   -0.61°/s
X:   -0.44°/s | Y:    0.21°/s | Z:    0.02°/s
X:   -0.49°/s | Y:   -0.26°/s | Z:   -0.21°/s
X:   -0.33°/s | Y:    0.10°/s | Z:   -0.44°/s
X:   -0.28°/s | Y:   -0.23°/s | Z:   -0.70°/s
X:   -0.46°/s | Y:    0.35°/s | Z:   -0.61°/s
X:    0.05°/s | Y:    0.12°/s | Z:   -0.26°/s
X:   -0.21°/s | Y:    0.44°/s | Z:   -0.33°/s
X:   -0.40°/s | Y:   -0.28°/s | Z:   -0.54°/s
X:   -0.40°/s | Y:    0.79°/s | Z:   -0.38°/s
X:   -0.77°/s | Y:    0.44°/s | Z:   -0.61°/s
X:   -0.19°/s | Y:    0.16°/s | Z:   -0.54°/s
X:    0.21°/s | Y:    0.38°/s | Z:   -0.61°/s
X:   -0.23°/s | Y:    0.17°/s | Z:   -0.35°/s
X:   -0.37°/s | Y:    0.28°/s | Z:   -0.68°/s
X:   -0.30°/s | Y:    0.25°/s | Z:   -0.33°/s
X:   -0.56°/s | Y:   -0.05°/s | Z:   -0.74°/s
X:   -0.02°/s | Y:    0.25°/s | Z:   -0.65°/s
X:   -0.30°/s | Y:   -0.17°/s | Z:    0.09°/s
X:   -0.47°/s | Y:   -0.07°/s | Z:    0.02°/s
X:   -0.33°/s | Y:    0.16°/s | Z:   -0.35°/s
X:   -0.16°/s | Y:   -0.10°/s | Z:   -0.74°/s
X:   -0.42°/s | Y:    0.70°/s | Z:   -0.47°/s
X:   -0.21°/s | Y:    0.05°/s | Z:   -0.52°/s
X:   -0.31°/s | Y:    0.21°/s | Z:   -0.60°/s
X:    0.42°/s | Y:   -0.07°/s | Z:   -0.63°/s
X:   -0.33°/s | Y:    0.61°/s | Z:   -0.84°/s
X:   -0.10°/s | Y:    0.10°/s | Z:   -0.63°/s
X:   -0.10°/s | Y:    0.51°/s | Z:   -0.68°/s
X:    0.09°/s | Y:    0.21°/s | Z:   -0.21°/s
X:    0.19°/s | Y:    0.38°/s | Z:   -0.46°/s
X:   -0.35°/s | Y:   -0.10°/s | Z:  